Component: ARM Compiler 5.06 update 5 (build 528) Tool: armlink [4d35e2]

==============================================================================

Section Cross References

    hid.o(i.main) refers to led_mcbstm32e.o(i.LED_Initialize) for LED_Initialize
    hid.o(i.main) refers to joystick_mcbstm32e.o(i.Joystick_Initialize) for Joystick_Initialize
    hid.o(i.main) refers to glcd_mcbstm32e.o(i.GLCD_Initialize) for GLCD_Initialize
    hid.o(i.main) refers to glcd_mcbstm32e.o(i.GLCD_SetBackgroundColor) for GLCD_SetBackgroundColor
    hid.o(i.main) refers to glcd_mcbstm32e.o(i.GLCD_SetForegroundColor) for GLCD_SetForegroundColor
    hid.o(i.main) refers to glcd_mcbstm32e.o(i.GLCD_ClearScreen) for GLCD_ClearScreen
    hid.o(i.main) refers to glcd_mcbstm32e.o(i.GLCD_SetFont) for GLCD_SetFont
    hid.o(i.main) refers to glcd_mcbstm32e.o(i.GLCD_DrawString) for GLCD_DrawString
    hid.o(i.main) refers to usbd_lib_core.o(i.USBD_Initialize) for USBD_Initialize
    hid.o(i.main) refers to usbd_lib_core.o(i.USBD_Connect) for USBD_Connect
    hid.o(i.main) refers to joystick_mcbstm32e.o(i.Joystick_GetState) for Joystick_GetState
    hid.o(i.main) refers to usbd_lib_hid.o(i.USBD_HID_GetReportTrigger) for USBD_HID_GetReportTrigger
    hid.o(i.main) refers to rt_cmsis.o(i.osDelay) for osDelay
    hid.o(i.main) refers to glcd_fonts.o(.constdata) for GLCD_Font_16x24
    usbd_user_hid_0.o(i.USBD_HID0_SetReport) refers to led_mcbstm32e.o(i.LED_On) for LED_On
    usbd_user_hid_0.o(i.USBD_HID0_SetReport) refers to led_mcbstm32e.o(i.LED_Off) for LED_Off
    glcd_fonts.o(.constdata) refers to glcd_fonts.o(.constdata) for Font_6x8_h
    glcd_fonts.o(.constdata) refers to glcd_fonts.o(.constdata) for Font_16x24_h
    glcd_mcbstm32e.o(i.GLCD_ClearScreen) refers to glcd_mcbstm32e.o(i.GLCD_SetWindow) for GLCD_SetWindow
    glcd_mcbstm32e.o(i.GLCD_ClearScreen) refers to glcd_mcbstm32e.o(.data) for .data
    glcd_mcbstm32e.o(i.GLCD_DrawBargraph) refers to glcd_mcbstm32e.o(i.GLCD_SetWindow) for GLCD_SetWindow
    glcd_mcbstm32e.o(i.GLCD_DrawBargraph) refers to glcd_mcbstm32e.o(.data) for .data
    glcd_mcbstm32e.o(i.GLCD_DrawBitmap) refers to glcd_mcbstm32e.o(i.GLCD_SetWindow) for GLCD_SetWindow
    glcd_mcbstm32e.o(i.GLCD_DrawChar) refers to glcd_mcbstm32e.o(i.GLCD_SetWindow) for GLCD_SetWindow
    glcd_mcbstm32e.o(i.GLCD_DrawChar) refers to glcd_mcbstm32e.o(.data) for .data
    glcd_mcbstm32e.o(i.GLCD_DrawHLine) refers to glcd_mcbstm32e.o(i.GLCD_SetWindow) for GLCD_SetWindow
    glcd_mcbstm32e.o(i.GLCD_DrawHLine) refers to glcd_mcbstm32e.o(.data) for .data
    glcd_mcbstm32e.o(i.GLCD_DrawPixel) refers to glcd_mcbstm32e.o(i.wr_reg) for wr_reg
    glcd_mcbstm32e.o(i.GLCD_DrawPixel) refers to glcd_mcbstm32e.o(.data) for .data
    glcd_mcbstm32e.o(i.GLCD_DrawRectangle) refers to glcd_mcbstm32e.o(i.GLCD_DrawHLine) for GLCD_DrawHLine
    glcd_mcbstm32e.o(i.GLCD_DrawRectangle) refers to glcd_mcbstm32e.o(i.GLCD_DrawVLine) for GLCD_DrawVLine
    glcd_mcbstm32e.o(i.GLCD_DrawString) refers to glcd_mcbstm32e.o(i.GLCD_DrawChar) for GLCD_DrawChar
    glcd_mcbstm32e.o(i.GLCD_DrawString) refers to glcd_mcbstm32e.o(.data) for .data
    glcd_mcbstm32e.o(i.GLCD_DrawVLine) refers to glcd_mcbstm32e.o(i.GLCD_SetWindow) for GLCD_SetWindow
    glcd_mcbstm32e.o(i.GLCD_DrawVLine) refers to glcd_mcbstm32e.o(.data) for .data
    glcd_mcbstm32e.o(i.GLCD_FrameBufferAccess) refers to glcd_mcbstm32e.o(i.GLCD_SetWindow) for GLCD_SetWindow
    glcd_mcbstm32e.o(i.GLCD_FrameBufferAccess) refers to glcd_mcbstm32e.o(i.wr_reg) for wr_reg
    glcd_mcbstm32e.o(i.GLCD_Initialize) refers to glcd_mcbstm32e.o(i.delay_ms) for delay_ms
    glcd_mcbstm32e.o(i.GLCD_Initialize) refers to glcd_mcbstm32e.o(i.wr_reg) for wr_reg
    glcd_mcbstm32e.o(i.GLCD_Initialize) refers to glcd_mcbstm32e.o(.data) for .data
    glcd_mcbstm32e.o(i.GLCD_SetBackgroundColor) refers to glcd_mcbstm32e.o(.data) for .data
    glcd_mcbstm32e.o(i.GLCD_SetFont) refers to glcd_mcbstm32e.o(.data) for .data
    glcd_mcbstm32e.o(i.GLCD_SetForegroundColor) refers to glcd_mcbstm32e.o(.data) for .data
    glcd_mcbstm32e.o(i.GLCD_SetWindow) refers to glcd_mcbstm32e.o(i.wr_reg) for wr_reg
    glcd_mcbstm32e.o(i.GLCD_SetWindow) refers to glcd_mcbstm32e.o(.data) for .data
    glcd_mcbstm32e.o(i.delay_ms) refers to system_stm32f10x.o(.data) for SystemCoreClock
    joystick_mcbstm32e.o(i.Joystick_GetState) refers to joystick_mcbstm32e.o(.constdata) for .constdata
    joystick_mcbstm32e.o(i.Joystick_Initialize) refers to gpio_stm32f10x.o(i.GPIO_PortClock) for GPIO_PortClock
    joystick_mcbstm32e.o(i.Joystick_Initialize) refers to gpio_stm32f10x.o(i.GPIO_PinConfigure) for GPIO_PinConfigure
    joystick_mcbstm32e.o(i.Joystick_Initialize) refers to joystick_mcbstm32e.o(.constdata) for .constdata
    joystick_mcbstm32e.o(i.Joystick_Uninitialize) refers to gpio_stm32f10x.o(i.GPIO_PinConfigure) for GPIO_PinConfigure
    joystick_mcbstm32e.o(i.Joystick_Uninitialize) refers to joystick_mcbstm32e.o(.constdata) for .constdata
[...]
    EXTI4_IRQHandler                         0x0800029f   Thumb Code     0  startup_stm32f10x_hd.o(.text)
    EXTI9_5_IRQHandler                       0x0800029f   Thumb Code     0  startup_stm32f10x_hd.o(.text)
    FLASH_IRQHandler                         0x0800029f   Thumb Code     0  startup_stm32f10x_hd.o(.text)
    FSMC_IRQHandler                          0x0800029f   Thumb Code     0  startup_stm32f10x_hd.o(.text)
    I2C1_ER_IRQHandler                       0x0800029f   Thumb Code     0  startup_stm32f10x_hd.o(.text)
    I2C1_EV_IRQHandler                       0x0800029f   Thumb Code     0  startup_stm32f10x_hd.o(.text)
    I2C2_ER_IRQHandler                       0x0800029f   Thumb Code     0  startup_stm32f10x_hd.o(.text)
    I2C2_EV_IRQHandler                       0x0800029f   Thumb Code     0  startup_stm32f10x_hd.o(.text)
    PVD_IRQHandler                           0x0800029f   Thumb Code     0  startup_stm32f10x_hd.o(.text)
    RCC_IRQHandler                           0x0800029f   Thumb Code     0  startup_stm32f10x_hd.o(.text)
    RTCAlarm_IRQHandler                      0x0800029f   Thumb Code     0  startup_stm32f10x_hd.o(.text)
    RTC_IRQHandler                           0x0800029f   Thumb Code     0  startup_stm32f10x_hd.o(.text)
    SDIO_IRQHandler                          0x0800029f   Thumb Code     0  startup_stm32f10x_hd.o(.text)
    SPI1_IRQHandler                          0x0800029f   Thumb Code     0  startup_stm32f10x_hd.o(.text)
    SPI2_IRQHandler                          0x0800029f   Thumb Code     0  startup_stm32f10x_hd.o(.text)
    SPI3_IRQHandler                          0x0800029f   Thumb Code     0  startup_stm32f10x_hd.o(.text)
    TAMPER_IRQHandler                        0x0800029f   Thumb Code     0  startup_stm32f10x_hd.o(.text)
    TIM1_BRK_IRQHandler                      0x0800029f   Thumb Code     0  startup_stm32f10x_hd.o(.text)
    TIM1_CC_IRQHandler                       0x0800029f   Thumb Code     0  startup_stm32f10x_hd.o(.text)
    TIM1_TRG_COM_IRQHandler                  0x0800029f   Thumb Code     0  startup_stm32f10x_hd.o(.text)
    TIM1_UP_IRQHandler                       0x0800029f   Thumb Code     0  startup_stm32f10x_hd.o(.text)
    TIM2_IRQHandler                          0x0800029f   Thumb Code     0  startup_stm32f10x_hd.o(.text)
    TIM3_IRQHandler                          0x0800029f   Thumb Code     0  startup_stm32f10x_hd.o(.text)
    TIM4_IRQHandler                          0x0800029f   Thumb Code     0  startup_stm32f10x_hd.o(.text)
    TIM5_IRQHandler                          0x0800029f   Thumb Code     0  startup_stm32f10x_hd.o(.text)
    TIM6_IRQHandler                          0x0800029f   Thumb Code     0  startup_stm32f10x_hd.o(.text)
    TIM7_IRQHandler                          0x0800029f   Thumb Code     0  startup_stm32f10x_hd.o(.text)
    TIM8_BRK_IRQHandler                      0x0800029f   Thumb Code     0  startup_stm32f10x_hd.o(.text)
    TIM8_CC_IRQHandler                       0x0800029f   Thumb Code     0  startup_stm32f10x_hd.o(.text)
    TIM8_TRG_COM_IRQHandler                  0x0800029f   Thumb Code     0  startup_stm32f10x_hd.o(.text)
    TIM8_UP_IRQHandler                       0x0800029f   Thumb Code     0  startup_stm32f10x_hd.o(.text)
    UART4_IRQHandler                         0x0800029f   Thumb Code     0  startup_stm32f10x_hd.o(.text)
    UART5_IRQHandler                         0x0800029f   Thumb Code     0  startup_stm32f10x_hd.o(.text)
    USART1_IRQHandler                        0x0800029f   Thumb Code     0  startup_stm32f10x_hd.o(.text)
    USART2_IRQHandler                        0x0800029f   Thumb Code     0  startup_stm32f10x_hd.o(.text)
    USART3_IRQHandler                        0x0800029f   Thumb Code     0  startup_stm32f10x_hd.o(.text)
    USBWakeUp_IRQHandler                     0x0800029f   Thumb Code     0  startup_stm32f10x_hd.o(.text)
    USB_HP_CAN1_TX_IRQHandler                0x0800029f   Thumb Code     0  startup_stm32f10x_hd.o(.text)
    WWDG_IRQHandler                          0x0800029f   Thumb Code     0  startup_stm32f10x_hd.o(.text)
    __aeabi_uldivmod                         0x080002a9   Thumb Code    98  uldiv.o(.text)
    __aeabi_memcpy                           0x0800030b   Thumb Code    36  memcpya.o(.text)
    __aeabi_memcpy4                          0x0800030b   Thumb Code     0  memcpya.o(.text)
    __aeabi_memcpy8                          0x0800030b   Thumb Code     0  memcpya.o(.text)
    __aeabi_memset                           0x0800032f   Thumb Code    14  memseta.o(.text)
    __aeabi_memset4                          0x0800032f   Thumb Code     0  memseta.o(.text)
    __aeabi_memset8                          0x0800032f   Thumb Code     0  memseta.o(.text)
    __aeabi_memclr                           0x0800033d   Thumb Code     4  memseta.o(.text)
    __aeabi_memclr4                          0x0800033d   Thumb Code     0  memseta.o(.text)
    __aeabi_memclr8                          0x0800033d   Thumb Code     0  memseta.o(.text)
    _memset$wrapper                          0x08000341   Thumb Code    18  memseta.o(.text)
    __aeabi_llsl                             0x08000353   Thumb Code    30  llshl.o(.text)
    _ll_shift_l                              0x08000353   Thumb Code     0  llshl.o(.text)
    __aeabi_llsr                             0x08000371   Thumb Code    32  llushr.o(.text)
    _ll_ushift_r                             0x08000371   Thumb Code     0  llushr.o(.text)
    __scatterload                            0x08000391   Thumb Code    28  init.o(.text)
    __scatterload_rt2                        0x08000391   Thumb Code     0  init.o(.text)
    SVC_Count                                0x080003b4   Data           4  svc_table.o(SVC_TABLE)
    GLCD_ClearScreen                         0x080003b9   Thumb Code    46  glcd_mcbstm32e.o(i.GLCD_ClearScreen)
    SVC_Table                                0x080003b8   Data           0  svc_table.o(SVC_TABLE)
    GLCD_DrawChar                            0x080003ed   Thumb Code   122  glcd_mcbstm32e.o(i.GLCD_DrawChar)
    GLCD_DrawString                          0x0800046d   Thumb Code    42  glcd_mcbstm32e.o(i.GLCD_DrawString)
    GLCD_Initialize                          0x0800049d   Thumb Code  1522  glcd_mcbstm32e.o(i.GLCD_Initialize)
    GLCD_SetBackgroundColor                  0x08000a95   Thumb Code     8  glcd_mcbstm32e.o(i.GLCD_SetBackgroundColor)
    GLCD_SetFont                             0x08000aa1   Thumb Code     8  glcd_mcbstm32e.o(i.GLCD_SetFont)
    GLCD_SetForegroundColor                  0x08000aad   Thumb Code     8  glcd_mcbstm32e.o(i.GLCD_SetForegroundColor)
    GPIO_GetPortClockState                   0x08000b51   Thumb Code   104  gpio_stm32f10x.o(i.GPIO_GetPortClockState)
    GPIO_PinConfigure                        0x08000bd9   Thumb Code    98  gpio_stm32f10x.o(i.GPIO_PinConfigure)
    GPIO_PortClock                           0x08000c3d   Thumb Code   194  gpio_stm32f10x.o(i.GPIO_PortClock)
    IN_EP_Status                             0x08000d21   Thumb Code    46  usbd_stm32f10x.o(i.IN_EP_Status)
    Joystick_GetState                        0x08000d55   Thumb Code    50  joystick_mcbstm32e.o(i.Joystick_GetState)
    Joystick_Initialize                      0x08000d8d   Thumb Code    50  joystick_mcbstm32e.o(i.Joystick_Initialize)
    LED_Initialize                           0x08000dc5   Thumb Code    60  led_mcbstm32e.o(i.LED_Initialize)
    LED_Off                                  0x08000e05   Thumb Code    24  led_mcbstm32e.o(i.LED_Off)
    LED_On                                   0x08000e21   Thumb Code    22  led_mcbstm32e.o(i.LED_On)
    OUT_EP_Status                            0x08000e3d   Thumb Code    46  usbd_stm32f10x.o(i.OUT_EP_Status)
    SystemInit                               0x08000f19   Thumb Code    64  system_stm32f10x.o(i.SystemInit)
    USBD0_Core_Thread                        0x08000f69   Thumb Code     6  usbd_lib_core.o(i.USBD0_Core_Thread)
    USBD0_SignalDeviceEvent                  0x08000f6f   Thumb Code     8  usbd_config_0.o(i.USBD0_SignalDeviceEvent)
    USBD0_SignalEndpointEvent                0x08000f77   Thumb Code    10  usbd_config_0.o(i.USBD0_SignalEndpointEvent)
    USBD_ClassInitialize                     0x08000fa9   Thumb Code    50  usbd_config_0.o(i.USBD_ClassInitialize)
    USBD_Class_Endpoint0_InDataSent          0x08000fe1   Thumb Code     4  usbd_config_0.o(i.USBD_Class_Endpoint0_InDataSent)
    USBD_Class_Endpoint0_OutDataReceived     0x08000fe5   Thumb Code     4  usbd_config_0.o(i.USBD_Class_Endpoint0_OutDataReceived)
    USBD_Class_Endpoint0_SetupPacketProcessed 0x08000fe9   Thumb Code     2  usbd_config_0.o(i.USBD_Class_Endpoint0_SetupPacketProcessed)
    USBD_Class_Endpoint0_SetupPacketReceived 0x08000feb   Thumb Code     4  usbd_config_0.o(i.USBD_Class_Endpoint0_SetupPacketReceived)
    USBD_Connect                             0x08000fef   Thumb Code    24  usbd_lib_core.o(i.USBD_Connect)
    USBD_Core_Endpoint0_InDataSent           0x080010e1   Thumb Code    54  usbd_lib_core_device.o(i.USBD_Core_Endpoint0_InDataSent)
    USBD_Core_Endpoint0_OutDataReceived      0x08001125   Thumb Code    54  usbd_lib_core_device.o(i.USBD_Core_Endpoint0_OutDataReceived)
    USBD_Core_Endpoint0_SetupPacketProcessed 0x08001169   Thumb Code    46  usbd_lib_core_device.o(i.USBD_Core_Endpoint0_SetupPacketProcessed)
    USBD_Core_Endpoint0_SetupPacketReceived  0x080011a5   Thumb Code    68  usbd_lib_core_device.o(i.USBD_Core_Endpoint0_SetupPacketReceived)
    USBD_Core_Thread                         0x080011f5   Thumb Code   134  usbd_lib_core.o(i.USBD_Core_Thread)
    USBD_DataInStage                         0x08001289   Thumb Code    74  usbd_lib_core.o(i.USBD_DataInStage)
    USBD_DataOutStage                        0x080012d9   Thumb Code    38  usbd_lib_core.o(i.USBD_DataOutStage)
    USBD_Delay                               0x08001305   Thumb Code    10  usbd_config_0.o(i.USBD_Delay)
    USBD_Device0_ConfigurationChanged        0x0800130f   Thumb Code     2  usbd_config_0.o(i.USBD_Device0_ConfigurationChanged)
    USBD_Device0_DisableRemoteWakeup         0x08001311   Thumb Code     2  usbd_config_0.o(i.USBD_Device0_DisableRemoteWakeup)
    USBD_Device0_EnableRemoteWakeup          0x08001313   Thumb Code     2  usbd_config_0.o(i.USBD_Device0_EnableRemoteWakeup)
    USBD_Device0_Endpoint0_InDataSent        0x08001315   Thumb Code     4  usbd_config_0.o(i.USBD_Device0_Endpoint0_InDataSent)
    USBD_Device0_Endpoint0_OutDataReceived   0x08001319   Thumb Code     4  usbd_config_0.o(i.USBD_Device0_Endpoint0_OutDataReceived)
    USBD_Device0_Endpoint0_SetupPacketProcessed 0x0800131d   Thumb Code     2  usbd_config_0.o(i.USBD_Device0_Endpoint0_SetupPacketProcessed)
    USBD_Device0_Endpoint0_SetupPacketReceived 0x0800131f   Thumb Code     4  usbd_config_0.o(i.USBD_Device0_Endpoint0_SetupPacketReceived)
    USBD_Device0_EventReset                  0x08001323   Thumb Code     2  usbd_config_0.o(i.USBD_Device0_EventReset)
    USBD_Device0_HighSpeedActivated          0x08001325   Thumb Code     2  usbd_config_0.o(i.USBD_Device0_HighSpeedActivated)
    USBD_Device0_Initialize                  0x08001327   Thumb Code     2  usbd_config_0.o(i.USBD_Device0_Initialize)
    USBD_Device0_Reset                       0x08001329   Thumb Code     8  usbd_config_0.o(i.USBD_Device0_Reset)
    USBD_Device0_Resumed                     0x08001331   Thumb Code     2  usbd_config_0.o(i.USBD_Device0_Resumed)
    USBD_Device0_Suspended                   0x08001333   Thumb Code     2  usbd_config_0.o(i.USBD_Device0_Suspended)
    USBD_Device0_VbusChanged                 0x08001335   Thumb Code     2  usbd_config_0.o(i.USBD_Device0_VbusChanged)
    USBD_DriverDeviceConnect                 0x08001411   Thumb Code    74  usbd_lib_drv.o(i.USBD_DriverDeviceConnect)
    USBD_DriverDeviceSetAddress              0x08001465   Thumb Code    82  usbd_lib_drv.o(i.USBD_DriverDeviceSetAddress)
    USBD_DriverEndpointConfigure             0x080014c1   Thumb Code   154  usbd_lib_drv.o(i.USBD_DriverEndpointConfigure)
    USBD_DriverEndpointStall                 0x08001569   Thumb Code   148  usbd_lib_drv.o(i.USBD_DriverEndpointStall)
    USBD_DriverEndpointTransfer              0x08001609   Thumb Code   200  usbd_lib_drv.o(i.USBD_DriverEndpointTransfer)
    USBD_DriverEndpointTransferAbort         0x080016dd   Thumb Code   148  usbd_lib_drv.o(i.USBD_DriverEndpointTransferAbort)
    USBD_DriverEndpointTransferGetResult     0x0800177d   Thumb Code   104  usbd_lib_drv.o(i.USBD_DriverEndpointTransferGetResult)
    USBD_DriverEndpointUnconfigure           0x080017f1   Thumb Code   146  usbd_lib_drv.o(i.USBD_DriverEndpointUnconfigure)
    USBD_DriverGetCapabilities               0x08001891   Thumb Code    12  usbd_lib_drv.o(i.USBD_DriverGetCapabilities)
    USBD_DriverGetVersion                    0x080018a1   Thumb Code    12  usbd_lib_drv.o(i.USBD_DriverGetVersion)
    USBD_DriverInitialize                    0x080018b1   Thumb Code    84  usbd_lib_drv.o(i.USBD_DriverInitialize)
    USBD_DriverPowerControl                  0x0800190d   Thumb Code    82  usbd_lib_drv.o(i.USBD_DriverPowerControl)
    USBD_DriverReadSetupPacket               0x08001969   Thumb Code    82  usbd_lib_drv.o(i.USBD_DriverReadSetupPacket)
    USBD_Endpoint0_ClearFeatureStall_MSC     0x08001e35   Thumb Code     2  usbd_config_0.o(i.USBD_Endpoint0_ClearFeatureStall_MSC)
    USBD_Endpoint0_Out_ADC_ReqToEP           0x08001e37   Thumb Code     4  usbd_config_0.o(i.USBD_Endpoint0_Out_ADC_ReqToEP)
    USBD_Endpoint0_Out_ADC_ReqToIF           0x08001e3b   Thumb Code     4  usbd_config_0.o(i.USBD_Endpoint0_Out_ADC_ReqToIF)
    USBD_Endpoint0_Out_CDC_ReqToIF           0x08001e3f   Thumb Code     4  usbd_config_0.o(i.USBD_Endpoint0_Out_CDC_ReqToIF)
    USBD_Endpoint0_Out_HID_ReqToIF           0x08001e45   Thumb Code   102  usbd_lib_core_hid.o(i.USBD_Endpoint0_Out_HID_ReqToIF)
    USBD_Endpoint0_ReqGetDescriptor_HID      0x08001ebd   Thumb Code   244  usbd_lib_core_hid.o(i.USBD_Endpoint0_ReqGetDescriptor_HID)
    USBD_Endpoint0_Setup_ADC_ReqToEP         0x08001fc9   Thumb Code     4  usbd_config_0.o(i.USBD_Endpoint0_Setup_ADC_ReqToEP)
    USBD_Endpoint0_Setup_ADC_ReqToIF         0x08001fcd   Thumb Code     4  usbd_config_0.o(i.USBD_Endpoint0_Setup_ADC_ReqToIF)
    USBD_Endpoint0_Setup_CDC_ReqToIF         0x08001fd1   Thumb Code     4  usbd_config_0.o(i.USBD_Endpoint0_Setup_CDC_ReqToIF)
    USBD_Endpoint0_Setup_HID_ReqToIF         0x08001fd5   Thumb Code   328  usbd_lib_core_hid.o(i.USBD_Endpoint0_Setup_HID_ReqToIF)
    USBD_Endpoint0_Setup_MSC_ReqToIF         0x0800212d   Thumb Code     4  usbd_config_0.o(i.USBD_Endpoint0_Setup_MSC_ReqToIF)
    USBD_EndpointStart                       0x0800230d   Thumb Code    62  usbd_config_0.o(i.USBD_EndpointStart)
    USBD_EndpointStop                        0x08002351   Thumb Code     2  usbd_config_0.o(i.USBD_EndpointStop)
    USBD_HID0_GetProtocol                    0x080024fd   Thumb Code     6  usbd_config_0.o(i.USBD_HID0_GetProtocol)
    USBD_HID0_GetReport                      0x08002503   Thumb Code     4  usbd_user_hid_0.o(i.USBD_HID0_GetReport)
    USBD_HID0_Initialize                     0x08002507   Thumb Code     2  usbd_user_hid_0.o(i.USBD_HID0_Initialize)
    USBD_HID0_SetProtocol                    0x08002509   Thumb Code     4  usbd_config_0.o(i.USBD_HID0_SetProtocol)
    USBD_HID0_SetReport                      0x0800250d   Thumb Code    52  usbd_user_hid_0.o(i.USBD_HID0_SetReport)
    USBD_HID0_Thread                         0x08002541   Thumb Code     6  usbd_lib_hid.o(i.USBD_HID0_Thread)
    USBD_HID_CoreGetIdle                     0x08002591   Thumb Code    46  usbd_lib_hid.o(i.USBD_HID_CoreGetIdle)
    USBD_HID_CoreGetProtocol                 0x080025c9   Thumb Code    50  usbd_lib_hid.o(i.USBD_HID_CoreGetProtocol)
    USBD_HID_CoreGetReport                   0x08002609   Thumb Code    90  usbd_lib_hid.o(i.USBD_HID_CoreGetReport)
    USBD_HID_CoreSetIdle                     0x08002671   Thumb Code   114  usbd_lib_hid.o(i.USBD_HID_CoreSetIdle)
    USBD_HID_CoreSetProtocol                 0x080026f1   Thumb Code    50  usbd_lib_hid.o(i.USBD_HID_CoreSetProtocol)
    USBD_HID_CoreSetReport                   0x08002731   Thumb Code    98  usbd_lib_hid.o(i.USBD_HID_CoreSetReport)
    USBD_HID_EndpointStart                   0x080027a1   Thumb Code    44  usbd_lib_hid.o(i.USBD_HID_EndpointStart)
    USBD_HID_GetReportTrigger                0x080029e1   Thumb Code   144  usbd_lib_hid.o(i.USBD_HID_GetReportTrigger)
    USBD_HID_Initialize                      0x08002a7d   Thumb Code   106  usbd_lib_hid.o(i.USBD_HID_Initialize)
    USBD_HID_Reset                           0x08002af9   Thumb Code    96  usbd_lib_hid.o(i.USBD_HID_Reset)
    USBD_HID_SetConfiguration                0x08002b65   Thumb Code    58  usbd_lib_hid.o(i.USBD_HID_SetConfiguration)
    USBD_HID_Thread                          0x08002ba9   Thumb Code    52  usbd_lib_hid.o(i.USBD_HID_Thread)
    USBD_HID_Timer                           0x08002bdd   Thumb Code   292  usbd_lib_hid.o(i.USBD_HID_Timer)
    USBD_Initialize                          0x08002d51   Thumb Code   210  usbd_lib_core.o(i.USBD_Initialize)
    USBD_Reset                               0x080036b9   Thumb Code    38  usbd_config_0.o(i.USBD_Reset)
    USBD_SemaphoreAcquire                    0x0800370d   Thumb Code    24  usbd_config_0.o(i.USBD_SemaphoreAcquire)
    USBD_SemaphoreCreate                     0x08003725   Thumb Code    52  usbd_config_0.o(i.USBD_SemaphoreCreate)
    USBD_SemaphoreRelease                    0x0800375d   Thumb Code    18  usbd_config_0.o(i.USBD_SemaphoreRelease)
    USBD_SetConfiguration                    0x08003771   Thumb Code    42  usbd_config_0.o(i.USBD_SetConfiguration)
    USBD_SignalDeviceEvent                   0x080037a1   Thumb Code    10  usbd_lib_drv.o(i.USBD_SignalDeviceEvent)
    USBD_SignalEndpointEvent                 0x080037b1   Thumb Code    60  usbd_lib_drv.o(i.USBD_SignalEndpointEvent)
    USBD_StatusInStage                       0x080037f9   Thumb Code    10  usbd_lib_core.o(i.USBD_StatusInStage)
    USBD_StatusInStageDone                   0x08003803   Thumb Code    16  usbd_lib_core.o(i.USBD_StatusInStageDone)
    USBD_StatusOutStage                      0x08003813   Thumb Code    10  usbd_lib_core.o(i.USBD_StatusOutStage)
    USBD_StatusOutStageDone                  0x0800381d   Thumb Code    42  usbd_lib_core.o(i.USBD_StatusOutStageDone)
    USBD_ThreadCreate                        0x0800384d   Thumb Code    38  usbd_config_0.o(i.USBD_ThreadCreate)
    USBD_ThreadFlagsSet                      0x08003879   Thumb Code    12  usbd_config_0.o(i.USBD_ThreadFlagsSet)
    USBD_ThreadFlagsWait                     0x08003885   Thumb Code    32  usbd_config_0.o(i.USBD_ThreadFlagsWait)
    USBD_TimerCreate                         0x080038a5   Thumb Code    20  usbd_config_0.o(i.USBD_TimerCreate)
    USBD_TimerStart                          0x080038bd   Thumb Code    18  usbd_config_0.o(i.USBD_TimerStart)
    USBD_TimerStop                           0x080038cf   Thumb Code    18  usbd_config_0.o(i.USBD_TimerStop)
    USB_LP_CAN1_RX0_IRQHandler               0x08003919   Thumb Code   340  usbd_stm32f10x.o(i.USB_LP_CAN1_RX0_IRQHandler)
    __scatterload_copy                       0x08003a85   Thumb Code    14  handlers.o(i.__scatterload_copy)
    __scatterload_null                       0x08003a93   Thumb Code     2  handlers.o(i.__scatterload_null)
    __scatterload_zeroinit                   0x08003a95   Thumb Code    14  handlers.o(i.__scatterload_zeroinit)
    _init_box                                0x08003aa3   Thumb Code    70  rt_membox.o(i._init_box)
    dbg_init                                 0x08003ae9   Thumb Code    34  hal_cm.o(i.dbg_init)
    dbg_task_notify                          0x08003b19   Thumb Code    32  hal_cm.o(i.dbg_task_notify)
    dbg_task_switch                          0x08003b39   Thumb Code    16  hal_cm.o(i.dbg_task_switch)
    isrMessageGet                            0x08003b71   Thumb Code    42  rt_cmsis.o(i.isrMessageGet)
    isrMessagePut                            0x08003b9b   Thumb Code    44  rt_cmsis.o(i.isrMessagePut)
    isrSemaphoreRelease                      0x08003bc7   Thumb Code    40  rt_cmsis.o(i.isrSemaphoreRelease)
    isrSignalSet                             0x08003bef   Thumb Code    36  rt_cmsis.o(i.isrSignalSet)
    isr_evt_set                              0x08003c15   Thumb Code    34  rt_event.o(i.isr_evt_set)
    isr_mbx_receive                          0x08003c3d   Thumb Code    86  rt_mailbox.o(i.isr_mbx_receive)
    isr_mbx_send                             0x08003c93   Thumb Code    14  rt_mailbox.o(i.isr_mbx_send)
    isr_sem_send                             0x08003ca1   Thumb Code    16  rt_semaphore.o(i.isr_sem_send)
    main                                     0x08003cb1   Thumb Code   150  hid.o(i.main)
    osDelay                                  0x08003ddd   Thumb Code    18  rt_cmsis.o(i.osDelay)
    osKernelInitialize                       0x08003df5   Thumb Code    30  rt_cmsis.o(i.osKernelInitialize)
    osKernelStart                            0x08003e19   Thumb Code    98  rt_cmsis.o(i.osKernelStart)
    osMessageGet                             0x08003e85   Thumb Code    18  rt_cmsis.o(i.osMessageGet)
    osSemaphoreCreate                        0x08003e9d   Thumb Code    36  rt_cmsis.o(i.osSemaphoreCreate)
    osSemaphoreRelease                       0x08003ec9   Thumb Code    18  rt_cmsis.o(i.osSemaphoreRelease)
    osSemaphoreWait                          0x08003ee1   Thumb Code    20  rt_cmsis.o(i.osSemaphoreWait)
    osSignalSet                              0x08003ef9   Thumb Code    18  rt_cmsis.o(i.osSignalSet)
    osSignalWait                             0x08003f11   Thumb Code    18  rt_cmsis.o(i.osSignalWait)
    osThreadCreate                           0x08003f29   Thumb Code    36  rt_cmsis.o(i.osThreadCreate)
    osThreadExit                             0x08003f55   Thumb Code    14  rt_cmsis.o(i.osThreadExit)
    osTimerCall                              0x08003f6d   Thumb Code     8  rt_cmsis.o(i.osTimerCall)
    osTimerCreate                            0x08003f79   Thumb Code    36  rt_cmsis.o(i.osTimerCreate)
    osTimerStart                             0x08003fa5   Thumb Code    18  rt_cmsis.o(i.osTimerStart)
    osTimerStop                              0x08003fbd   Thumb Code    18  rt_cmsis.o(i.osTimerStop)
    osTimerThread                            0x08003fd5   Thumb Code    38  rt_cmsis.o(i.osTimerThread)
    os_error                                 0x08004001   Thumb Code     2  rtx_conf_cm.o(i.os_error)
    os_idle_demon                            0x08004003   Thumb Code     2  rtx_conf_cm.o(i.os_idle_demon)
    os_tick_init                             0x08004005   Thumb Code    32  rt_system.o(i.os_tick_init)
    os_tick_irqack                           0x0800402d   Thumb Code     2  rt_system.o(i.os_tick_irqack)
    rt_alloc_box                             0x0800402f   Thumb Code    26  rt_membox.o(i.rt_alloc_box)
    rt_alloc_mem                             0x08004049   Thumb Code    62  rt_memory.o(i.rt_alloc_mem)
    rt_block                                 0x08004089   Thumb Code    48  rt_task.o(i.rt_block)
    rt_chk_robin                             0x080040c1   Thumb Code    60  rt_robin.o(i.rt_chk_robin)
    rt_dec_dly                               0x08004109   Thumb Code   102  rt_list.o(i.rt_dec_dly)
    rt_dispatch                              0x08004179   Thumb Code    60  rt_task.o(i.rt_dispatch)
    rt_dly_wait                              0x080041bd   Thumb Code     6  rt_time.o(i.rt_dly_wait)
    rt_evt_psh                               0x080041c5   Thumb Code    76  rt_event.o(i.rt_evt_psh)
    rt_evt_set                               0x08004215   Thumb Code    88  rt_event.o(i.rt_evt_set)
    rt_evt_wait                              0x08004271   Thumb Code    56  rt_event.o(i.rt_evt_wait)
    rt_free_box                              0x080042ad   Thumb Code    44  rt_membox.o(i.rt_free_box)
    rt_free_mem                              0x080042d9   Thumb Code    40  rt_memory.o(i.rt_free_mem)
    rt_get_first                             0x08004301   Thumb Code    40  rt_list.o(i.rt_get_first)
    rt_init_mem                              0x08004379   Thumb Code    26  rt_memory.o(i.rt_init_mem)
    rt_init_robin                            0x08004395   Thumb Code    14  rt_robin.o(i.rt_init_robin)
    rt_init_stack                            0x080043ad   Thumb Code   118  hal_cm.o(i.rt_init_stack)
    rt_mbx_check                             0x0800442d   Thumb Code     8  rt_mailbox.o(i.rt_mbx_check)
    rt_mbx_init                              0x08004435   Thumb Code    26  rt_mailbox.o(i.rt_mbx_init)
    rt_mbx_psh                               0x08004451   Thumb Code   236  rt_mailbox.o(i.rt_mbx_psh)
    rt_mbx_wait                              0x08004541   Thumb Code   174  rt_mailbox.o(i.rt_mbx_wait)
    rt_pop_req                               0x08004639   Thumb Code   112  rt_system.o(i.rt_pop_req)
    rt_psh_req                               0x080046b5   Thumb Code    22  rt_system.o(i.rt_psh_req)
    rt_psq_enq                               0x080046d5   Thumb Code    88  rt_list.o(i.rt_psq_enq)
    rt_put_dly                               0x08004731   Thumb Code    68  rt_list.o(i.rt_put_dly)
    rt_put_prio                              0x08004779   Thumb Code    54  rt_list.o(i.rt_put_prio)
    rt_put_rdy_first                         0x080047b1   Thumb Code    14  rt_list.o(i.rt_put_rdy_first)
    rt_resort_prio                           0x080047c5   Thumb Code    46  rt_list.o(i.rt_resort_prio)
    rt_ret_val                               0x080047f9   Thumb Code     6  hal_cm.o(i.rt_ret_val)
    rt_ret_val2                              0x080047ff   Thumb Code     8  hal_cm.o(i.rt_ret_val2)
    rt_rmv_dly                               0x08004807   Thumb Code    40  rt_list.o(i.rt_rmv_dly)
    rt_rmv_list                              0x08004831   Thumb Code    44  rt_list.o(i.rt_rmv_list)
    rt_sem_init                              0x08004861   Thumb Code    12  rt_semaphore.o(i.rt_sem_init)
    rt_sem_psh                               0x0800486d   Thumb Code    48  rt_semaphore.o(i.rt_sem_psh)
    rt_sem_send                              0x080048a1   Thumb Code    42  rt_semaphore.o(i.rt_sem_send)
    rt_sem_wait                              0x080048cd   Thumb Code    58  rt_semaphore.o(i.rt_sem_wait)
    rt_stk_check                             0x0800490d   Thumb Code    28  rt_system.o(i.rt_stk_check)
    rt_switch_req                            0x08004931   Thumb Code    30  rt_task.o(i.rt_switch_req)
    rt_sys_init                              0x08004959   Thumb Code   138  rt_task.o(i.rt_sys_init)
    rt_sys_start                             0x08004a25   Thumb Code   110  rt_task.o(i.rt_sys_start)
    rt_systick                               0x08004a9d   Thumb Code    50  rt_system.o(i.rt_systick)
    rt_tsk_create                            0x08004b61   Thumb Code   118  rt_task.o(i.rt_tsk_create)
    rt_tsk_delete                            0x08004be9   Thumb Code   352  rt_task.o(i.rt_tsk_delete)
    rt_tsk_prio                              0x08004d65   Thumb Code   108  rt_task.o(i.rt_tsk_prio)
    rt_tsk_self                              0x08004de1   Thumb Code    12  rt_task.o(i.rt_tsk_self)
    svcDelay                                 0x08004df1   Thumb Code    18  rt_cmsis.o(i.svcDelay)
    svcKernelInitialize                      0x08004e05   Thumb Code    80  rt_cmsis.o(i.svcKernelInitialize)
    svcKernelStart                           0x08004e75   Thumb Code    62  rt_cmsis.o(i.svcKernelStart)
    svcMessageCreate                         0x08004ebd   Thumb Code    36  rt_cmsis.o(i.svcMessageCreate)
    svcMessageGet                            0x08004ee1   Thumb Code    58  rt_cmsis.o(i.svcMessageGet)
    svcSemaphoreCreate                       0x08004f1b   Thumb Code    36  rt_cmsis.o(i.svcSemaphoreCreate)
    svcSemaphoreRelease                      0x08004f3f   Thumb Code    40  rt_cmsis.o(i.svcSemaphoreRelease)
    svcSemaphoreWait                         0x08004f67   Thumb Code    50  rt_cmsis.o(i.svcSemaphoreWait)
    svcSignalSet                             0x08004f99   Thumb Code    36  rt_cmsis.o(i.svcSignalSet)
    svcSignalWait                            0x08004fbd   Thumb Code    80  rt_cmsis.o(i.svcSignalWait)
    svcThreadCreate                          0x08005011   Thumb Code    96  rt_cmsis.o(i.svcThreadCreate)
    svcThreadGetId                           0x0800507d   Thumb Code    22  rt_cmsis.o(i.svcThreadGetId)
    svcThreadTerminate                       0x08005099   Thumb Code    50  rt_cmsis.o(i.svcThreadTerminate)
    svcTimerCall                             0x080050d1   Thumb Code    24  rt_cmsis.o(i.svcTimerCall)
    svcTimerCreate                           0x080050e9   Thumb Code    52  rt_cmsis.o(i.svcTimerCreate)
    svcTimerStart                            0x08005121   Thumb Code    96  rt_cmsis.o(i.svcTimerStart)
    svcTimerStop                             0x08005185   Thumb Code    36  rt_cmsis.o(i.svcTimerStop)
    sysTimerTick                             0x080051a9   Thumb Code    84  rt_cmsis.o(i.sysTimerTick)
    GLCD_Font_16x24                          0x08006710   Data          16  glcd_fonts.o(.constdata)
    Joystick                                 0x08006720   Data          60  joystick_mcbstm32e.o(.constdata)
    Pin_LED                                  0x0800675c   Data          64  led_mcbstm32e.o(.constdata)
    os_maxtaskrun                            0x0800679c   Data           2  rtx_conf_cm.o(.constdata)
    os_stackinfo                             0x080067a0   Data           4  rtx_conf_cm.o(.constdata)
    os_rrobin                                0x080067a4   Data           4  rtx_conf_cm.o(.constdata)
    os_trv                                   0x080067a8   Data           4  rtx_conf_cm.o(.constdata)
    os_flags                                 0x080067ac   Data           1  rtx_conf_cm.o(.constdata)
    CMSIS_RTOS_API_Version                   0x080067b0   Data           4  rtx_conf_cm.o(.constdata)
    CMSIS_RTOS_RTX_Version                   0x080067b4   Data           4  rtx_conf_cm.o(.constdata)
    os_clockrate                             0x080067b8   Data           4  rtx_conf_cm.o(.constdata)
    os_timernum                              0x080067bc   Data           4  rtx_conf_cm.o(.constdata)
    os_thread_def_main                       0x080067c0   Data          16  rtx_conf_cm.o(.constdata)
    mp_tcb_size                              0x080067d0   Data           2  rtx_conf_cm.o(.constdata)
    mp_stk_size                              0x080067d4   Data           4  rtx_conf_cm.o(.constdata)
    os_stack_sz                              0x080067d8   Data           4  rtx_conf_cm.o(.constdata)
    os_fifo_size                             0x080067dc   Data           1  rtx_conf_cm.o(.constdata)
    os_thread_def_osTimerThread              0x080067e0   Data          16  rtx_conf_cm.o(.constdata)
    os_messageQ_def_osTimerMessageQ          0x080067f0   Data           8  rtx_conf_cm.o(.constdata)
    mp_tmr_size                              0x080067f8   Data           2  rtx_conf_cm.o(.constdata)
    Driver_USBD0                             0x08006824   Data          72  usbd_stm32f10x.o(.constdata)
    usbd0_dev                                0x0800686c   Data          24  usbd_config_0.o(.constdata)
    os_thread_def_USBD0_Core_Thread          0x08006884   Data          16  usbd_config_0.o(.constdata)
    usbd_dev_num                             0x08006894   Data           1  usbd_config_0.o(.constdata)
    usbd_dev_ptr                             0x08006898   Data           4  usbd_config_0.o(.constdata)
    usbd_hid_num                             0x0800689c   Data           1  usbd_config_0.o(.constdata)
    usbd_hid                                 0x080068a0   Data          56  usbd_config_0.o(.constdata)
    os_thread_def_USBD_HID0_Thread           0x080068fc   Data          16  usbd_config_0.o(.constdata)
    os_timer_def_usbd_hid0_timer             0x0800690c   Data           8  usbd_config_0.o(.constdata)
    os_semaphore_def_usbd0_driver_semaphore  0x08006914   Data           4  usbd_config_0.o(.constdata)
    os_semaphore_def_usbd0_driver_ep0out_semaphore 0x08006918   Data           4  usbd_config_0.o(.constdata)
    os_semaphore_def_usbd0_driver_ep0in_semaphore 0x0800691c   Data           4  usbd_config_0.o(.constdata)
    os_semaphore_def_usbd0_driver_ep1out_semaphore 0x08006920   Data           4  usbd_config_0.o(.constdata)
    os_semaphore_def_usbd0_driver_ep1in_semaphore 0x08006924   Data           4  usbd_config_0.o(.constdata)
    os_semaphore_def_usbd_hid0_semaphore     0x08006928   Data           4  usbd_config_0.o(.constdata)
    usbd_ep_max_num                          0x0800692c   Data           1  usbd_config_0.o(.constdata)
    usbd_cb_device_event_ptr                 0x08006930   Data           4  usbd_config_0.o(.constdata)
    usbd_cb_endpoint_event_ptr               0x08006934   Data           4  usbd_config_0.o(.constdata)
    fpUSBD_HID_Initialize                    0x08006938   Data           4  usbd_config_0.o(.constdata)
    fpUSBD_HID_GetReport                     0x0800693c   Data           4  usbd_config_0.o(.constdata)
    fpUSBD_HID_SetReport                     0x08006940   Data           4  usbd_config_0.o(.constdata)
    fpUSBD_HID_GetProtocol                   0x08006944   Data           4  usbd_config_0.o(.constdata)
    fpUSBD_HID_SetProtocol                   0x08006948   Data           4  usbd_config_0.o(.constdata)
    fpUSBD_Device_Initialize                 0x0800694c   Data           4  usbd_config_0.o(.constdata)
    fpUSBD_Device_VbusChanged                0x08006950   Data           4  usbd_config_0.o(.constdata)
    fpUSBD_Device_Reset                      0x08006954   Data           4  usbd_config_0.o(.constdata)
    fpUSBD_Device_HighSpeedActivated         0x08006958   Data           4  usbd_config_0.o(.constdata)
    fpUSBD_Device_Suspended                  0x0800695c   Data           4  usbd_config_0.o(.constdata)
    fpUSBD_Device_Resumed                    0x08006960   Data           4  usbd_config_0.o(.constdata)
    fpUSBD_Device_ConfigurationChanged       0x08006964   Data           4  usbd_config_0.o(.constdata)
    fpUSBD_Device_EnableRemoteWakeup         0x08006968   Data           4  usbd_config_0.o(.constdata)
    fpUSBD_Device_DisableRemoteWakeup        0x0800696c   Data           4  usbd_config_0.o(.constdata)
    fpUSBD_Device_Endpoint0_SetupPacketReceived 0x08006970   Data           4  usbd_config_0.o(.constdata)
    fpUSBD_Device_Endpoint0_SetupPacketProcessed 0x08006974   Data           4  usbd_config_0.o(.constdata)
    fpUSBD_Device_Endpoint0_OutDataReceived  0x08006978   Data           4  usbd_config_0.o(.constdata)
    fpUSBD_Device_Endpoint0_InDataSent       0x0800697c   Data           4  usbd_config_0.o(.constdata)
    usbd_hid0_report_descriptor              0x08006980   Data          33  usbd_config_0.o(.constdata)
    usbd_hid_desc_ptr                        0x080069a4   Data           4  usbd_config_0.o(.constdata)
    usbd0_ep0_descriptor                     0x080069a8   Data           7  usbd_config_0.o(.constdata)
    usbd0_device_descriptor                  0x080069af   Data          18  usbd_config_0.o(.constdata)
    usbd0_config_descriptor_fs               0x080069c1   Data          42  usbd_config_0.o(.constdata)
    usbd0_device_qualifier_fs                0x080069eb   Data           1  usbd_config_0.o(.constdata)
    usbd0_device_qualifier_hs                0x080069ec   Data           1  usbd_config_0.o(.constdata)
    usbd0_config_descriptor_hs               0x080069ed   Data           1  usbd_config_0.o(.constdata)
    usbd0_other_speed_config_descriptor_fs   0x080069ee   Data           1  usbd_config_0.o(.constdata)
    usbd0_other_speed_config_descriptor_hs   0x080069ef   Data           1  usbd_config_0.o(.constdata)
    usbd0_string_descriptor                  0x080069f0   Data         109  usbd_config_0.o(.constdata)
    INTERVAL_HS                              0x08006a5e   Data          32  usbd_lib_hid.o(.constdata)
    usb_lib_version                          0x08006a80   Data           4  usb_lib_ver.o(.constdata)
    Region$$Table$$Base                      0x08006a84   Number         0  anon$$obj.o(Region$$Table)
    Region$$Table$$Limit                     0x08006aa4   Number         0  anon$$obj.o(Region$$Table)
    m_tmr                                    0x2000000c   Data           4  rtx_conf_cm.o(.data)
    osThreadId_osTimerThread                 0x20000010   Data           4  rtx_conf_cm.o(.data)
    osMessageQId_osTimerMessageQ             0x20000014   Data           4  rtx_conf_cm.o(.data)
    SystemCoreClock                          0x20000034   Data           4  system_stm32f10x.o(.data)
    AHBPrescTable                            0x20000038   Data          16  system_stm32f10x.o(.data)
    usbd_hid_ptr                             0x20000048   Data           4  usbd_config_0.o(.data)
    os_semaphore_cb_usbd0_driver_semaphore   0x2000004c   Data           8  usbd_config_0.o(.data)
    os_semaphore_cb_usbd0_driver_ep0out_semaphore 0x20000054   Data           8  usbd_config_0.o(.data)
    os_semaphore_cb_usbd0_driver_ep0in_semaphore 0x2000005c   Data           8  usbd_config_0.o(.data)
    os_semaphore_cb_usbd0_driver_ep1out_semaphore 0x20000064   Data           8  usbd_config_0.o(.data)
    os_semaphore_cb_usbd0_driver_ep1in_semaphore 0x2000006c   Data           8  usbd_config_0.o(.data)
    os_semaphore_cb_usbd_hid0_semaphore      0x20000074   Data           8  usbd_config_0.o(.data)
    usbd_ep_thread_id_ptr                    0x2000007c   Data           8  usbd_config_0.o(.data)
    usbd_hid0_desc                           0x20000084   Data           8  usbd_config_0.o(.data)
    usbd0_desc                               0x2000008c   Data          36  usbd_config_0.o(.data)
    usbd_desc_ptr                            0x200000b0   Data           4  usbd_config_0.o(.data)
    usbd0_alt_setting                        0x200000b4   Data           1  usbd_config_0.o(.data)
    usbd0_ep0_buf                            0x200000b8   Data           8  usbd_config_0.o(.data)
    usbd_core_thread_id                      0x200000c0   Data           4  usbd_config_0.o(.data)
    usbd_driver_semaphore_id                 0x200000c4   Data           4  usbd_config_0.o(.data)
    usbd_hid_thread_id                       0x200000c8   Data           4  usbd_config_0.o(.data)
    usbd_hid_timer_id                        0x200000cc   Data           4  usbd_config_0.o(.data)
    usbd_hid_semaphore_id                    0x200000d0   Data           4  usbd_config_0.o(.data)
    usbd_hid0_idle_count                     0x200000d4   Data           2  usbd_config_0.o(.data)
    usbd_hid0_idle_reload                    0x200000d6   Data           2  usbd_config_0.o(.data)
    usbd_hid0_idle_set                       0x200000d8   Data           1  usbd_config_0.o(.data)
    usbd_hid0_in_report                      0x200000dc   Data           1  usbd_config_0.o(.data)
    usbd_hid0_out_report                     0x200000e0   Data           1  usbd_config_0.o(.data)
    usbd_hid0_feat_report                    0x200000e4   Data           1  usbd_config_0.o(.data)
    usbd_drv_version                         0x200000e6   Data           4  usbd_config_0.o(.data)
    usbd_capabilities                        0x200000ec   Data           4  usbd_config_0.o(.data)
    os_initialized                           0x200000f0   Data           1  rt_cmsis.o(.data)
    os_running                               0x200000f1   Data           1  rt_cmsis.o(.data)
    os_timer_head                            0x200000f4   Data           4  rt_cmsis.o(.data)
    os_tsk                                   0x20000100   Data           8  rt_task.o(.data)
    os_tick_irqn                             0x2000010c   Data           4  rt_system.o(.data)
    os_time                                  0x20000110   Data           4  rt_time.o(.data)
    dbg_msg                                  0x20000114   Data           1  hal_cm.o(.data)
    os_robin                                 0x20000118   Data           8  rt_robin.o(.data)
    os_messageQ_q_osTimerMessageQ            0x20000120   Data          32  rtx_conf_cm.o(.bss)
    mp_tcb                                   0x20000140   Data         376  rtx_conf_cm.o(.bss)
    mp_stk                                   0x200002b8   Data         816  rtx_conf_cm.o(.bss)
    os_stack_mem                             0x200005e8   Data        1784  rtx_conf_cm.o(.bss)
    os_fifo                                  0x20000ce0   Data         132  rtx_conf_cm.o(.bss)
    os_active_TCB                            0x20000d64   Data          28  rtx_conf_cm.o(.bss)
    usbd0_data                               0x20000ee8   Data         176  usbd_config_0.o(.bss)
    usbd_driver_ep_semaphore_id              0x20000f98   Data          16  usbd_config_0.o(.bss)
    usbd_hid_data                            0x20000fa8   Data          32  usbd_config_0.o(.bss)
    os_timer_cb_usbd_hid0_timer              0x20000fc8   Data          24  usbd_config_0.o(.bss)
    os_idle_TCB                              0x20000fe0   Data          52  rt_task.o(.bss)
    os_rdy                                   0x20001014   Data          24  rt_list.o(.bss)
    os_dly                                   0x2000102c   Data          24  rt_list.o(.bss)
    __initial_sp                             0x20001448   Data           0  startup_stm32f10x_hd.o(STACK)



==============================================================================

Memory Map of the image

  Image Entry point : 0x08000131

  Load Region LR_IROM1 (Base: 0x08000000, Size: 0x00006bc4, Max: 0x00080000, ABSOLUTE)

    Execution Region ER_IROM1 (Exec base: 0x08000000, Load base: 0x08000000, Size: 0x00006aa4, Max: 0x00080000, ABSOLUTE)

    Exec Addr    Load Addr    Size         Type   Attr      Idx    E Section Name        Object

    0x08000000   0x08000000   0x00000130   Data   RO          675    RESET               startup_stm32f10x_hd.o
    0x08000130   0x08000130   0x00000000   Code   RO         2636  * .ARM.Collect$$$$00000000  mc_w.l(entry.o)
    0x08000130   0x08000130   0x00000004   Code   RO         2647    .ARM.Collect$$$$00000001  mc_w.l(entry2.o)
    0x08000134   0x08000134   0x00000004   Code   RO         2650    .ARM.Collect$$$$00000004  mc_w.l(entry5.o)
    0x08000138   0x08000138   0x00000000   Code   RO         2652    .ARM.Collect$$$$00000008  mc_w.l(entry7b.o)
    0x08000138   0x08000138   0x00000000   Code   RO         2654    .ARM.Collect$$$$0000000A  mc_w.l(entry8b.o)
    0x08000138   0x08000138   0x00000000   Code   RO         2655    .ARM.Collect$$$$0000000D  mc_w.l(entry10a.o)
    0x08000138   0x08000138   0x00000000   Code   RO         2657    .ARM.Collect$$$$0000000F  mc_w.l(entry11a.o)
    0x08000138   0x08000138   0x00000018   Code   RO          399    .ARM.Collect$$$$000000FF  rtx_conf_cm.o
    0x08000150   0x08000150   0x00000004   Code   RO         2648    .ARM.Collect$$$$00002712  mc_w.l(entry2.o)
    0x08000154   0x08000154   0x00000130   Code   RO         2623    .emb_text           RTX_CM3.lib(hal_cm3.o)
    0x08000284   0x08000284   0x00000024   Code   RO          676    .text               startup_stm32f10x_hd.o
    0x080002a8   0x080002a8   0x00000062   Code   RO         2639    .text               mc_w.l(uldiv.o)
    0x0800030a   0x0800030a   0x00000024   Code   RO         2641    .text               mc_w.l(memcpya.o)
    0x0800032e   0x0800032e   0x00000024   Code   RO         2643    .text               mc_w.l(memseta.o)
    0x08000352   0x08000352   0x0000001e   Code   RO         2659    .text               mc_w.l(llshl.o)
    0x08000370   0x08000370   0x00000020   Code   RO         2661    .text               mc_w.l(llushr.o)
    0x08000390   0x08000390   0x00000024   Code   RO         2663    .text               mc_w.l(init.o)
    0x080003b4   0x080003b4   0x00000004   Code   RO         2633    SVC_TABLE           RTX_CM3.lib(svc_table.o)
    0x080003b8   0x080003b8   0x00000034   Code   RO          145    i.GLCD_ClearScreen  glcd_mcbstm32e.o
    0x080003ec   0x080003ec   0x00000080   Code   RO          148    i.GLCD_DrawChar     glcd_mcbstm32e.o
    0x0800046c   0x0800046c   0x00000030   Code   RO          152    i.GLCD_DrawString   glcd_mcbstm32e.o
    0x0800049c   0x0800049c   0x000005f8   Code   RO          156    i.GLCD_Initialize   glcd_mcbstm32e.o
    0x08000a94   0x08000a94   0x0000000c   Code   RO          157    i.GLCD_SetBackgroundColor  glcd_mcbstm32e.o
    0x08000aa0   0x08000aa0   0x0000000c   Code   RO          158    i.GLCD_SetFont      glcd_mcbstm32e.o
    0x08000aac   0x08000aac   0x0000000c   Code   RO          159    i.GLCD_SetForegroundColor  glcd_mcbstm32e.o
    0x08000ab8   0x08000ab8   0x00000098   Code   RO          160    i.GLCD_SetWindow    glcd_mcbstm32e.o
    0x08000b50   0x08000b50   0x00000088   Code   RO          632    i.GPIO_GetPortClockState  gpio_stm32f10x.o
    0x08000bd8   0x08000bd8   0x00000062   Code   RO          633    i.GPIO_PinConfigure  gpio_stm32f10x.o
    0x08000c3a   0x08000c3a   0x00000002   PAD
    0x08000c3c   0x08000c3c   0x000000e4   Code   RO          634    i.GPIO_PortClock    gpio_stm32f10x.o
    0x08000d20   0x08000d20   0x00000034   Code   RO          460    i.IN_EP_Status      usbd_stm32f10x.o
    0x08000d54   0x08000d54   0x00000038   Code   RO          293    i.Joystick_GetState  joystick_mcbstm32e.o
    0x08000d8c   0x08000d8c   0x00000038   Code   RO          294    i.Joystick_Initialize  joystick_mcbstm32e.o
    0x08000dc4   0x08000dc4   0x00000040   Code   RO          343    i.LED_Initialize    led_mcbstm32e.o
    0x08000e04   0x08000e04   0x0000001c   Code   RO          344    i.LED_Off           led_mcbstm32e.o
    0x08000e20   0x08000e20   0x0000001c   Code   RO          345    i.LED_On            led_mcbstm32e.o
    0x08000e3c   0x08000e3c   0x00000034   Code   RO          461    i.OUT_EP_Status     usbd_stm32f10x.o
    0x08000e70   0x08000e70   0x000000a8   Code   RO          683    i.SetSysClockTo72   system_stm32f10x.o
    0x08000f18   0x08000f18   0x00000050   Code   RO          685    i.SystemInit        system_stm32f10x.o
    0x08000f68   0x08000f68   0x00000006   Code   RO         1815    i.USBD0_Core_Thread  USB_CM3_L.lib(usbd_lib_core.o)
    0x08000f6e   0x08000f6e   0x00000008   Code   RO          724    i.USBD0_SignalDeviceEvent  usbd_config_0.o
    0x08000f76   0x08000f76   0x0000000a   Code   RO          725    i.USBD0_SignalEndpointEvent  usbd_config_0.o
    0x08000f80   0x08000f80   0x00000028   Code   RO         1819    i.USBD_CheckDevice  USB_CM3_L.lib(usbd_lib_core.o)
    0x08000fa8   0x08000fa8   0x00000038   Code   RO          726    i.USBD_ClassInitialize  usbd_config_0.o
    0x08000fe0   0x08000fe0   0x00000004   Code   RO          728    i.USBD_Class_Endpoint0_InDataSent  usbd_config_0.o
    0x08000fe4   0x08000fe4   0x00000004   Code   RO          729    i.USBD_Class_Endpoint0_OutDataReceived  usbd_config_0.o
    0x08000fe8   0x08000fe8   0x00000002   Code   RO          730    i.USBD_Class_Endpoint0_SetupPacketProcessed  usbd_config_0.o
    0x08000fea   0x08000fea   0x00000004   Code   RO          731    i.USBD_Class_Endpoint0_SetupPacketReceived  usbd_config_0.o
    0x08000fee   0x08000fee   0x00000018   Code   RO         1821    i.USBD_Connect      USB_CM3_L.lib(usbd_lib_core.o)
    0x08001006   0x08001006   0x00000002   PAD
    0x08001008   0x08001008   0x000000d8   Code   RO         1822    i.USBD_Core         USB_CM3_L.lib(usbd_lib_core.o)
    0x080010e0   0x080010e0   0x00000044   Code   RO         2567    i.USBD_Core_Endpoint0_InDataSent  USB_CM3_L.lib(usbd_lib_core_device.o)
    0x08001124   0x08001124   0x00000044   Code   RO         2568    i.USBD_Core_Endpoint0_OutDataReceived  USB_CM3_L.lib(usbd_lib_core_device.o)
    0x08001168   0x08001168   0x0000003c   Code   RO         2569    i.USBD_Core_Endpoint0_SetupPacketProcessed  USB_CM3_L.lib(usbd_lib_core_device.o)
    0x080011a4   0x080011a4   0x00000050   Code   RO         2570    i.USBD_Core_Endpoint0_SetupPacketReceived  USB_CM3_L.lib(usbd_lib_core_device.o)
    0x080011f4   0x080011f4   0x00000094   Code   RO         1823    i.USBD_Core_Thread  USB_CM3_L.lib(usbd_lib_core.o)
    0x08001288   0x08001288   0x00000050   Code   RO         1824    i.USBD_DataInStage  USB_CM3_L.lib(usbd_lib_core.o)
    0x080012d8   0x080012d8   0x0000002c   Code   RO         1825    i.USBD_DataOutStage  USB_CM3_L.lib(usbd_lib_core.o)
    0x08001304   0x08001304   0x0000000a   Code   RO          732    i.USBD_Delay        usbd_config_0.o
    0x0800130e   0x0800130e   0x00000002   Code   RO          733    i.USBD_Device0_ConfigurationChanged  usbd_config_0.o
    0x08001310   0x08001310   0x00000002   Code   RO          734    i.USBD_Device0_DisableRemoteWakeup  usbd_config_0.o
    0x08001312   0x08001312   0x00000002   Code   RO          735    i.USBD_Device0_EnableRemoteWakeup  usbd_config_0.o
    0x08001314   0x08001314   0x00000004   Code   RO          736    i.USBD_Device0_Endpoint0_InDataSent  usbd_config_0.o
    0x08001318   0x08001318   0x00000004   Code   RO          737    i.USBD_Device0_Endpoint0_OutDataReceived  usbd_config_0.o
    0x0800131c   0x0800131c   0x00000002   Code   RO          738    i.USBD_Device0_Endpoint0_SetupPacketProcessed  usbd_config_0.o
    0x0800131e   0x0800131e   0x00000004   Code   RO          739    i.USBD_Device0_Endpoint0_SetupPacketReceived  usbd_config_0.o
    0x08001322   0x08001322   0x00000002   Code   RO          740    i.USBD_Device0_EventReset  usbd_config_0.o
    0x08001324   0x08001324   0x00000002   Code   RO          741    i.USBD_Device0_HighSpeedActivated  usbd_config_0.o
    0x08001326   0x08001326   0x00000002   Code   RO          742    i.USBD_Device0_Initialize  usbd_config_0.o
    0x08001328   0x08001328   0x00000008   Code   RO          743    i.USBD_Device0_Reset  usbd_config_0.o
    0x08001330   0x08001330   0x00000002   Code   RO          744    i.USBD_Device0_Resumed  usbd_config_0.o
    0x08001332   0x08001332   0x00000002   Code   RO          745    i.USBD_Device0_Suspended  usbd_config_0.o
    0x08001334   0x08001334   0x00000002   Code   RO          747    i.USBD_Device0_VbusChanged  usbd_config_0.o
    0x08001336   0x08001336   0x00000002   PAD
    0x08001338   0x08001338   0x00000038   Code   RO          462    i.USBD_DeviceConnect  usbd_stm32f10x.o
    0x08001370   0x08001370   0x00000028   Code   RO          463    i.USBD_DeviceDisconnect  usbd_stm32f10x.o
    0x08001398   0x08001398   0x00000028   Code   RO          464    i.USBD_DeviceGetState  usbd_stm32f10x.o
    0x080013c0   0x080013c0   0x00000030   Code   RO          465    i.USBD_DeviceRemoteWakeup  usbd_stm32f10x.o
    0x080013f0   0x080013f0   0x00000020   Code   RO          466    i.USBD_DeviceSetAddress  usbd_stm32f10x.o
    0x08001410   0x08001410   0x00000054   Code   RO         1894    i.USBD_DriverDeviceConnect  USB_CM3_L.lib(usbd_lib_drv.o)
    0x08001464   0x08001464   0x0000005c   Code   RO         1898    i.USBD_DriverDeviceSetAddress  USB_CM3_L.lib(usbd_lib_drv.o)
    0x080014c0   0x080014c0   0x000000a8   Code   RO         1899    i.USBD_DriverEndpointConfigure  USB_CM3_L.lib(usbd_lib_drv.o)
    0x08001568   0x08001568   0x000000a0   Code   RO         1900    i.USBD_DriverEndpointStall  USB_CM3_L.lib(usbd_lib_drv.o)
    0x08001608   0x08001608   0x000000d4   Code   RO         1901    i.USBD_DriverEndpointTransfer  USB_CM3_L.lib(usbd_lib_drv.o)
    0x080016dc   0x080016dc   0x000000a0   Code   RO         1902    i.USBD_DriverEndpointTransferAbort  USB_CM3_L.lib(usbd_lib_drv.o)
    0x0800177c   0x0800177c   0x00000074   Code   RO         1903    i.USBD_DriverEndpointTransferGetResult  USB_CM3_L.lib(usbd_lib_drv.o)
    0x080017f0   0x080017f0   0x000000a0   Code   RO         1904    i.USBD_DriverEndpointUnconfigure  USB_CM3_L.lib(usbd_lib_drv.o)
    0x08001890   0x08001890   0x00000010   Code   RO         1905    i.USBD_DriverGetCapabilities  USB_CM3_L.lib(usbd_lib_drv.o)
    0x080018a0   0x080018a0   0x00000010   Code   RO         1907    i.USBD_DriverGetVersion  USB_CM3_L.lib(usbd_lib_drv.o)
    0x080018b0   0x080018b0   0x0000005c   Code   RO         1908    i.USBD_DriverInitialize  USB_CM3_L.lib(usbd_lib_drv.o)
    0x0800190c   0x0800190c   0x0000005c   Code   RO         1909    i.USBD_DriverPowerControl  USB_CM3_L.lib(usbd_lib_drv.o)
    0x08001968   0x08001968   0x0000005c   Code   RO         1910    i.USBD_DriverReadSetupPacket  USB_CM3_L.lib(usbd_lib_drv.o)
    0x080019c4   0x080019c4   0x0000007c   Code   RO          467    i.USBD_EP_HW_Read   usbd_stm32f10x.o
    0x08001a40   0x08001a40   0x0000008c   Code   RO          468    i.USBD_EP_HW_Write  usbd_stm32f10x.o
    0x08001acc   0x08001acc   0x00000368   Code   RO         1827    i.USBD_Endpoint0    USB_CM3_L.lib(usbd_lib_core.o)
    0x08001e34   0x08001e34   0x00000002   Code   RO          748    i.USBD_Endpoint0_ClearFeatureStall_MSC  usbd_config_0.o
    0x08001e36   0x08001e36   0x00000004   Code   RO          749    i.USBD_Endpoint0_Out_ADC_ReqToEP  usbd_config_0.o
    0x08001e3a   0x08001e3a   0x00000004   Code   RO          750    i.USBD_Endpoint0_Out_ADC_ReqToIF  usbd_config_0.o
    0x08001e3e   0x08001e3e   0x00000004   Code   RO          751    i.USBD_Endpoint0_Out_CDC_ReqToIF  usbd_config_0.o
    0x08001e42   0x08001e42   0x00000002   PAD
    0x08001e44   0x08001e44   0x00000078   Code   RO         2587    i.USBD_Endpoint0_Out_HID_ReqToIF  USB_CM3_L.lib(usbd_lib_core_hid.o)
    0x08001ebc   0x08001ebc   0x0000010c   Code   RO         2588    i.USBD_Endpoint0_ReqGetDescriptor_HID  USB_CM3_L.lib(usbd_lib_core_hid.o)
    0x08001fc8   0x08001fc8   0x00000004   Code   RO          752    i.USBD_Endpoint0_Setup_ADC_ReqToEP  usbd_config_0.o
    0x08001fcc   0x08001fcc   0x00000004   Code   RO          753    i.USBD_Endpoint0_Setup_ADC_ReqToIF  usbd_config_0.o
    0x08001fd0   0x08001fd0   0x00000004   Code   RO          754    i.USBD_Endpoint0_Setup_CDC_ReqToIF  usbd_config_0.o
    0x08001fd4   0x08001fd4   0x00000158   Code   RO         2589    i.USBD_Endpoint0_Setup_HID_ReqToIF  USB_CM3_L.lib(usbd_lib_core_hid.o)
    0x0800212c   0x0800212c   0x00000004   Code   RO          755    i.USBD_Endpoint0_Setup_MSC_ReqToIF  usbd_config_0.o
    0x08002130   0x08002130   0x00000148   Code   RO          469    i.USBD_EndpointConfigure  usbd_stm32f10x.o
    0x08002278   0x08002278   0x00000094   Code   RO          470    i.USBD_EndpointStall  usbd_stm32f10x.o
    0x0800230c   0x0800230c   0x00000044   Code   RO          756    i.USBD_EndpointStart  usbd_config_0.o
    0x08002350   0x08002350   0x00000002   Code   RO          757    i.USBD_EndpointStop  usbd_config_0.o
    0x08002352   0x08002352   0x00000002   PAD
    0x08002354   0x08002354   0x00000068   Code   RO          471    i.USBD_EndpointTransfer  usbd_stm32f10x.o
    0x080023bc   0x080023bc   0x00000058   Code   RO          472    i.USBD_EndpointTransferAbort  usbd_stm32f10x.o
    0x08002414   0x08002414   0x00000024   Code   RO          473    i.USBD_EndpointTransferGetResult  usbd_stm32f10x.o
    0x08002438   0x08002438   0x00000090   Code   RO          474    i.USBD_EndpointUnconfigure  usbd_stm32f10x.o
    0x080024c8   0x080024c8   0x0000000c   Code   RO          475    i.USBD_GetCapabilities  usbd_stm32f10x.o
    0x080024d4   0x080024d4   0x0000001c   Code   RO          476    i.USBD_GetFrameNumber  usbd_stm32f10x.o
    0x080024f0   0x080024f0   0x0000000c   Code   RO          477    i.USBD_GetVersion   usbd_stm32f10x.o
    0x080024fc   0x080024fc   0x00000006   Code   RO          758    i.USBD_HID0_GetProtocol  usbd_config_0.o
    0x08002502   0x08002502   0x00000004   Code   RO           88    i.USBD_HID0_GetReport  usbd_user_hid_0.o
    0x08002506   0x08002506   0x00000002   Code   RO           89    i.USBD_HID0_Initialize  usbd_user_hid_0.o
    0x08002508   0x08002508   0x00000004   Code   RO          761    i.USBD_HID0_SetProtocol  usbd_config_0.o
    0x0800250c   0x0800250c   0x00000034   Code   RO           90    i.USBD_HID0_SetReport  usbd_user_hid_0.o
    0x08002540   0x08002540   0x00000006   Code   RO         1947    i.USBD_HID0_Thread  USB_CM3_L.lib(usbd_lib_hid.o)
    0x08002546   0x08002546   0x00000002   PAD
    0x08002548   0x08002548   0x00000048   Code   RO         1951    i.USBD_HID_CheckInstance  USB_CM3_L.lib(usbd_lib_hid.o)
    0x08002590   0x08002590   0x00000038   Code   RO         1952    i.USBD_HID_CoreGetIdle  USB_CM3_L.lib(usbd_lib_hid.o)
    0x080025c8   0x080025c8   0x00000040   Code   RO         1953    i.USBD_HID_CoreGetProtocol  USB_CM3_L.lib(usbd_lib_hid.o)
    0x08002608   0x08002608   0x00000068   Code   RO         1954    i.USBD_HID_CoreGetReport  USB_CM3_L.lib(usbd_lib_hid.o)
    0x08002670   0x08002670   0x00000080   Code   RO         1955    i.USBD_HID_CoreSetIdle  USB_CM3_L.lib(usbd_lib_hid.o)
    0x080026f0   0x080026f0   0x00000040   Code   RO         1956    i.USBD_HID_CoreSetProtocol  USB_CM3_L.lib(usbd_lib_hid.o)
    0x08002730   0x08002730   0x00000070   Code   RO         1957    i.USBD_HID_CoreSetReport  USB_CM3_L.lib(usbd_lib_hid.o)
    0x080027a0   0x080027a0   0x00000030   Code   RO         1958    i.USBD_HID_EndpointStart  USB_CM3_L.lib(usbd_lib_hid.o)
    0x080027d0   0x080027d0   0x00000184   Code   RO         1959    i.USBD_HID_EpIntIn  USB_CM3_L.lib(usbd_lib_hid.o)
    0x08002954   0x08002954   0x0000008c   Code   RO         1960    i.USBD_HID_EpIntOut  USB_CM3_L.lib(usbd_lib_hid.o)
    0x080029e0   0x080029e0   0x0000009c   Code   RO         1961    i.USBD_HID_GetReportTrigger  USB_CM3_L.lib(usbd_lib_hid.o)
    0x08002a7c   0x08002a7c   0x0000007c   Code   RO         1962    i.USBD_HID_Initialize  USB_CM3_L.lib(usbd_lib_hid.o)
    0x08002af8   0x08002af8   0x0000006c   Code   RO         1963    i.USBD_HID_Reset    USB_CM3_L.lib(usbd_lib_hid.o)
    0x08002b64   0x08002b64   0x00000044   Code   RO         1964    i.USBD_HID_SetConfiguration  USB_CM3_L.lib(usbd_lib_hid.o)
    0x08002ba8   0x08002ba8   0x00000034   Code   RO         1965    i.USBD_HID_Thread   USB_CM3_L.lib(usbd_lib_hid.o)
    0x08002bdc   0x08002bdc   0x00000134   Code   RO         1966    i.USBD_HID_Timer    USB_CM3_L.lib(usbd_lib_hid.o)
    0x08002d10   0x08002d10   0x00000040   Code   RO          478    i.USBD_Initialize   usbd_stm32f10x.o
    0x08002d50   0x08002d50   0x000000f8   Code   RO         1836    i.USBD_Initialize   USB_CM3_L.lib(usbd_lib_core.o)
    0x08002e48   0x08002e48   0x000000d0   Code   RO          479    i.USBD_PowerControl  usbd_stm32f10x.o
    0x08002f18   0x08002f18   0x00000028   Code   RO          480    i.USBD_ReadSetupPacket  usbd_stm32f10x.o
    0x08002f40   0x08002f40   0x00000168   Code   RO         1837    i.USBD_ReqGetDescriptor  USB_CM3_L.lib(usbd_lib_core.o)
    0x080030a8   0x080030a8   0x000000b4   Code   RO         1838    i.USBD_ReqGetStatus  USB_CM3_L.lib(usbd_lib_core.o)
    0x0800315c   0x0800315c   0x00000110   Code   RO         1839    i.USBD_ReqSetClrFeature  USB_CM3_L.lib(usbd_lib_core.o)
    0x0800326c   0x0800326c   0x00000268   Code   RO         1840    i.USBD_ReqSetConfiguration  USB_CM3_L.lib(usbd_lib_core.o)
    0x080034d4   0x080034d4   0x00000198   Code   RO         1841    i.USBD_ReqSetInterface  USB_CM3_L.lib(usbd_lib_core.o)
    0x0800366c   0x0800366c   0x0000004c   Code   RO          481    i.USBD_Reset        usbd_stm32f10x.o
    0x080036b8   0x080036b8   0x0000002c   Code   RO          764    i.USBD_Reset        usbd_config_0.o
    0x080036e4   0x080036e4   0x00000028   Code   RO         1842    i.USBD_ResetCore    USB_CM3_L.lib(usbd_lib_core.o)
    0x0800370c   0x0800370c   0x00000018   Code   RO          765    i.USBD_SemaphoreAcquire  usbd_config_0.o
    0x08003724   0x08003724   0x00000038   Code   RO          766    i.USBD_SemaphoreCreate  usbd_config_0.o
    0x0800375c   0x0800375c   0x00000012   Code   RO          768    i.USBD_SemaphoreRelease  usbd_config_0.o
    0x0800376e   0x0800376e   0x00000002   PAD
    0x08003770   0x08003770   0x00000030   Code   RO          769    i.USBD_SetConfiguration  usbd_config_0.o
    0x080037a0   0x080037a0   0x00000010   Code   RO         1912    i.USBD_SignalDeviceEvent  USB_CM3_L.lib(usbd_lib_drv.o)
    0x080037b0   0x080037b0   0x00000048   Code   RO         1913    i.USBD_SignalEndpointEvent  USB_CM3_L.lib(usbd_lib_drv.o)
    0x080037f8   0x080037f8   0x0000000a   Code   RO         1843    i.USBD_StatusInStage  USB_CM3_L.lib(usbd_lib_core.o)
    0x08003802   0x08003802   0x00000010   Code   RO         1844    i.USBD_StatusInStageDone  USB_CM3_L.lib(usbd_lib_core.o)
    0x08003812   0x08003812   0x0000000a   Code   RO         1845    i.USBD_StatusOutStage  USB_CM3_L.lib(usbd_lib_core.o)
    0x0800381c   0x0800381c   0x00000030   Code   RO         1846    i.USBD_StatusOutStageDone  USB_CM3_L.lib(usbd_lib_core.o)
    0x0800384c   0x0800384c   0x0000002c   Code   RO          770    i.USBD_ThreadCreate  usbd_config_0.o
    0x08003878   0x08003878   0x0000000c   Code   RO          771    i.USBD_ThreadFlagsSet  usbd_config_0.o
    0x08003884   0x08003884   0x00000020   Code   RO          772    i.USBD_ThreadFlagsWait  usbd_config_0.o
    0x080038a4   0x080038a4   0x00000018   Code   RO          774    i.USBD_TimerCreate  usbd_config_0.o
    0x080038bc   0x080038bc   0x00000012   Code   RO          776    i.USBD_TimerStart   usbd_config_0.o
    0x080038ce   0x080038ce   0x00000012   Code   RO          777    i.USBD_TimerStop    usbd_config_0.o
    0x080038e0   0x080038e0   0x00000038   Code   RO          482    i.USBD_Uninitialize  usbd_stm32f10x.o
    0x08003918   0x08003918   0x0000016c   Code   RO          483    i.USB_LP_CAN1_RX0_IRQHandler  usbd_stm32f10x.o
    0x08003a84   0x08003a84   0x0000000e   Code   RO         2666    i.__scatterload_copy  mc_w.l(handlers.o)
    0x08003a92   0x08003a92   0x00000002   Code   RO         2667    i.__scatterload_null  mc_w.l(handlers.o)
    0x08003a94   0x08003a94   0x0000000e   Code   RO         2668    i.__scatterload_zeroinit  mc_w.l(handlers.o)
    0x08003aa2   0x08003aa2   0x00000046   Code   RO         2450    i._init_box         RTX_CM3.lib(rt_membox.o)
    0x08003ae8   0x08003ae8   0x00000030   Code   RO         2503    i.dbg_init          RTX_CM3.lib(hal_cm.o)
    0x08003b18   0x08003b18   0x00000020   Code   RO         2504    i.dbg_task_notify   RTX_CM3.lib(hal_cm.o)
    0x08003b38   0x08003b38   0x00000010   Code   RO         2505    i.dbg_task_switch   RTX_CM3.lib(hal_cm.o)
    0x08003b48   0x08003b48   0x00000028   Code   RO          163    i.delay_ms          glcd_mcbstm32e.o
    0x08003b70   0x08003b70   0x0000002a   Code   RO         1193    i.isrMessageGet     RTX_CM3.lib(rt_cmsis.o)
    0x08003b9a   0x08003b9a   0x0000002c   Code   RO         1194    i.isrMessagePut     RTX_CM3.lib(rt_cmsis.o)
    0x08003bc6   0x08003bc6   0x00000028   Code   RO         1195    i.isrSemaphoreRelease  RTX_CM3.lib(rt_cmsis.o)
    0x08003bee   0x08003bee   0x00000024   Code   RO         1196    i.isrSignalSet      RTX_CM3.lib(rt_cmsis.o)
    0x08003c12   0x08003c12   0x00000002   PAD
    0x08003c14   0x08003c14   0x00000028   Code   RO         2174    i.isr_evt_set       RTX_CM3.lib(rt_event.o)
    0x08003c3c   0x08003c3c   0x00000056   Code   RO         2296    i.isr_mbx_receive   RTX_CM3.lib(rt_mailbox.o)
    0x08003c92   0x08003c92   0x0000000e   Code   RO         2297    i.isr_mbx_send      RTX_CM3.lib(rt_mailbox.o)
    0x08003ca0   0x08003ca0   0x00000010   Code   RO         2344    i.isr_sem_send      RTX_CM3.lib(rt_semaphore.o)
    0x08003cb0   0x08003cb0   0x0000012c   Code   RO            4    i.main              hid.o
    0x08003ddc   0x08003ddc   0x00000018   Code   RO         1197    i.osDelay           RTX_CM3.lib(rt_cmsis.o)
    0x08003df4   0x08003df4   0x00000024   Code   RO         1198    i.osKernelInitialize  RTX_CM3.lib(rt_cmsis.o)
    0x08003e18   0x08003e18   0x0000006c   Code   RO         1200    i.osKernelStart     RTX_CM3.lib(rt_cmsis.o)
    0x08003e84   0x08003e84   0x00000018   Code   RO         1209    i.osMessageGet      RTX_CM3.lib(rt_cmsis.o)
    0x08003e9c   0x08003e9c   0x0000002c   Code   RO         1219    i.osSemaphoreCreate  RTX_CM3.lib(rt_cmsis.o)
    0x08003ec8   0x08003ec8   0x00000018   Code   RO         1221    i.osSemaphoreRelease  RTX_CM3.lib(rt_cmsis.o)
    0x08003ee0   0x08003ee0   0x00000018   Code   RO         1222    i.osSemaphoreWait   RTX_CM3.lib(rt_cmsis.o)
    0x08003ef8   0x08003ef8   0x00000018   Code   RO         1224    i.osSignalSet       RTX_CM3.lib(rt_cmsis.o)
    0x08003f10   0x08003f10   0x00000018   Code   RO         1225    i.osSignalWait      RTX_CM3.lib(rt_cmsis.o)
    0x08003f28   0x08003f28   0x0000002c   Code   RO         1226    i.osThreadCreate    RTX_CM3.lib(rt_cmsis.o)
    0x08003f54   0x08003f54   0x00000018   Code   RO         1227    i.osThreadExit      RTX_CM3.lib(rt_cmsis.o)
    0x08003f6c   0x08003f6c   0x0000000c   Code   RO         1233    i.osTimerCall       RTX_CM3.lib(rt_cmsis.o)
    0x08003f78   0x08003f78   0x0000002c   Code   RO         1234    i.osTimerCreate     RTX_CM3.lib(rt_cmsis.o)
    0x08003fa4   0x08003fa4   0x00000018   Code   RO         1236    i.osTimerStart      RTX_CM3.lib(rt_cmsis.o)
    0x08003fbc   0x08003fbc   0x00000018   Code   RO         1237    i.osTimerStop       RTX_CM3.lib(rt_cmsis.o)
    0x08003fd4   0x08003fd4   0x0000002c   Code   RO         1238    i.osTimerThread     RTX_CM3.lib(rt_cmsis.o)
    0x08004000   0x08004000   0x00000002   Code   RO          400    i.os_error          rtx_conf_cm.o
    0x08004002   0x08004002   0x00000002   Code   RO          401    i.os_idle_demon     rtx_conf_cm.o
    0x08004004   0x08004004   0x00000028   Code   RO         2084    i.os_tick_init      RTX_CM3.lib(rt_system.o)
    0x0800402c   0x0800402c   0x00000002   Code   RO         2085    i.os_tick_irqack    RTX_CM3.lib(rt_system.o)
    0x0800402e   0x0800402e   0x0000001a   Code   RO         2451    i.rt_alloc_box      RTX_CM3.lib(rt_membox.o)
    0x08004048   0x08004048   0x0000003e   Code   RO         2479    i.rt_alloc_mem      RTX_CM3.lib(rt_memory.o)
    0x08004086   0x08004086   0x00000002   PAD
    0x08004088   0x08004088   0x00000038   Code   RO         1999    i.rt_block          RTX_CM3.lib(rt_task.o)
    0x080040c0   0x080040c0   0x00000048   Code   RO         2602    i.rt_chk_robin      RTX_CM3.lib(rt_robin.o)
    0x08004108   0x08004108   0x00000070   Code   RO         2220    i.rt_dec_dly        RTX_CM3.lib(rt_list.o)
    0x08004178   0x08004178   0x00000044   Code   RO         2000    i.rt_dispatch       RTX_CM3.lib(rt_task.o)
    0x080041bc   0x080041bc   0x00000006   Code   RO         2386    i.rt_dly_wait       RTX_CM3.lib(rt_time.o)
    0x080041c2   0x080041c2   0x00000002   PAD
    0x080041c4   0x080041c4   0x00000050   Code   RO         2177    i.rt_evt_psh        RTX_CM3.lib(rt_event.o)
    0x08004214   0x08004214   0x0000005c   Code   RO         2178    i.rt_evt_set        RTX_CM3.lib(rt_event.o)
    0x08004270   0x08004270   0x0000003c   Code   RO         2179    i.rt_evt_wait       RTX_CM3.lib(rt_event.o)
    0x080042ac   0x080042ac   0x0000002c   Code   RO         2452    i.rt_free_box       RTX_CM3.lib(rt_membox.o)
    0x080042d8   0x080042d8   0x00000028   Code   RO         2480    i.rt_free_mem       RTX_CM3.lib(rt_memory.o)
    0x08004300   0x08004300   0x00000028   Code   RO         2221    i.rt_get_first      RTX_CM3.lib(rt_list.o)
    0x08004328   0x08004328   0x00000008   Code   RO         1243    i.rt_id2obj         RTX_CM3.lib(rt_cmsis.o)
    0x08004330   0x08004330   0x00000048   Code   RO         2001    i.rt_init_context   RTX_CM3.lib(rt_task.o)
    0x08004378   0x08004378   0x0000001a   Code   RO         2481    i.rt_init_mem       RTX_CM3.lib(rt_memory.o)
    0x08004392   0x08004392   0x00000002   PAD
    0x08004394   0x08004394   0x00000018   Code   RO         2603    i.rt_init_robin     RTX_CM3.lib(rt_robin.o)
    0x080043ac   0x080043ac   0x00000080   Code   RO         2506    i.rt_init_stack     RTX_CM3.lib(hal_cm.o)
    0x0800442c   0x0800442c   0x00000008   Code   RO         2298    i.rt_mbx_check      RTX_CM3.lib(rt_mailbox.o)
    0x08004434   0x08004434   0x0000001a   Code   RO         2299    i.rt_mbx_init       RTX_CM3.lib(rt_mailbox.o)
    0x0800444e   0x0800444e   0x00000002   PAD
    0x08004450   0x08004450   0x000000f0   Code   RO         2300    i.rt_mbx_psh        RTX_CM3.lib(rt_mailbox.o)
    0x08004540   0x08004540   0x000000b4   Code   RO         2302    i.rt_mbx_wait       RTX_CM3.lib(rt_mailbox.o)
    0x080045f4   0x080045f4   0x00000044   Code   RO         1244    i.rt_ms2tick        RTX_CM3.lib(rt_cmsis.o)
    0x08004638   0x08004638   0x0000007c   Code   RO         2088    i.rt_pop_req        RTX_CM3.lib(rt_system.o)
    0x080046b4   0x080046b4   0x00000020   Code   RO         2089    i.rt_psh_req        RTX_CM3.lib(rt_system.o)
    0x080046d4   0x080046d4   0x0000005c   Code   RO         2223    i.rt_psq_enq        RTX_CM3.lib(rt_list.o)
    0x08004730   0x08004730   0x00000048   Code   RO         2224    i.rt_put_dly        RTX_CM3.lib(rt_list.o)
    0x08004778   0x08004778   0x00000036   Code   RO         2225    i.rt_put_prio       RTX_CM3.lib(rt_list.o)
    0x080047ae   0x080047ae   0x00000002   PAD
    0x080047b0   0x080047b0   0x00000014   Code   RO         2226    i.rt_put_rdy_first  RTX_CM3.lib(rt_list.o)
    0x080047c4   0x080047c4   0x00000034   Code   RO         2227    i.rt_resort_prio    RTX_CM3.lib(rt_list.o)
    0x080047f8   0x080047f8   0x00000006   Code   RO         2507    i.rt_ret_val        RTX_CM3.lib(hal_cm.o)
    0x080047fe   0x080047fe   0x00000008   Code   RO         2508    i.rt_ret_val2       RTX_CM3.lib(hal_cm.o)
    0x08004806   0x08004806   0x00000028   Code   RO         2228    i.rt_rmv_dly        RTX_CM3.lib(rt_list.o)
    0x0800482e   0x0800482e   0x00000002   PAD
    0x08004830   0x08004830   0x00000030   Code   RO         2229    i.rt_rmv_list       RTX_CM3.lib(rt_list.o)
    0x08004860   0x08004860   0x0000000c   Code   RO         2346    i.rt_sem_init       RTX_CM3.lib(rt_semaphore.o)
    0x0800486c   0x0800486c   0x00000034   Code   RO         2347    i.rt_sem_psh        RTX_CM3.lib(rt_semaphore.o)
    0x080048a0   0x080048a0   0x0000002a   Code   RO         2348    i.rt_sem_send       RTX_CM3.lib(rt_semaphore.o)
    0x080048ca   0x080048ca   0x00000002   PAD
    0x080048cc   0x080048cc   0x00000040   Code   RO         2349    i.rt_sem_wait       RTX_CM3.lib(rt_semaphore.o)
    0x0800490c   0x0800490c   0x00000024   Code   RO         2091    i.rt_stk_check      RTX_CM3.lib(rt_system.o)
    0x08004930   0x08004930   0x00000028   Code   RO         2002    i.rt_switch_req     RTX_CM3.lib(rt_task.o)
    0x08004958   0x08004958   0x000000cc   Code   RO         2003    i.rt_sys_init       RTX_CM3.lib(rt_task.o)
    0x08004a24   0x08004a24   0x00000078   Code   RO         2004    i.rt_sys_start      RTX_CM3.lib(rt_task.o)
    0x08004a9c   0x08004a9c   0x00000040   Code   RO         2093    i.rt_systick        RTX_CM3.lib(rt_system.o)
    0x08004adc   0x08004adc   0x00000012   Code   RO         1245    i.rt_tid2ptcb       RTX_CM3.lib(rt_cmsis.o)
    0x08004aee   0x08004aee   0x00000002   PAD
    0x08004af0   0x08004af0   0x00000034   Code   RO         1246    i.rt_timer_insert   RTX_CM3.lib(rt_cmsis.o)
    0x08004b24   0x08004b24   0x0000003c   Code   RO         1247    i.rt_timer_remove   RTX_CM3.lib(rt_cmsis.o)
    0x08004b60   0x08004b60   0x00000088   Code   RO         2005    i.rt_tsk_create     RTX_CM3.lib(rt_task.o)
    0x08004be8   0x08004be8   0x0000017c   Code   RO         2006    i.rt_tsk_delete     RTX_CM3.lib(rt_task.o)
    0x08004d64   0x08004d64   0x0000007c   Code   RO         2008    i.rt_tsk_prio       RTX_CM3.lib(rt_task.o)
    0x08004de0   0x08004de0   0x00000010   Code   RO         2009    i.rt_tsk_self       RTX_CM3.lib(rt_task.o)
    0x08004df0   0x08004df0   0x00000012   Code   RO         1248    i.svcDelay          RTX_CM3.lib(rt_cmsis.o)
    0x08004e02   0x08004e02   0x00000002   PAD
    0x08004e04   0x08004e04   0x00000070   Code   RO         1249    i.svcKernelInitialize  RTX_CM3.lib(rt_cmsis.o)
    0x08004e74   0x08004e74   0x00000048   Code   RO         1251    i.svcKernelStart    RTX_CM3.lib(rt_cmsis.o)
    0x08004ebc   0x08004ebc   0x00000024   Code   RO         1254    i.svcMessageCreate  RTX_CM3.lib(rt_cmsis.o)
    0x08004ee0   0x08004ee0   0x0000003a   Code   RO         1255    i.svcMessageGet     RTX_CM3.lib(rt_cmsis.o)
    0x08004f1a   0x08004f1a   0x00000024   Code   RO         1262    i.svcSemaphoreCreate  RTX_CM3.lib(rt_cmsis.o)
    0x08004f3e   0x08004f3e   0x00000028   Code   RO         1264    i.svcSemaphoreRelease  RTX_CM3.lib(rt_cmsis.o)
    0x08004f66   0x08004f66   0x00000032   Code   RO         1265    i.svcSemaphoreWait  RTX_CM3.lib(rt_cmsis.o)
    0x08004f98   0x08004f98   0x00000024   Code   RO         1267    i.svcSignalSet      RTX_CM3.lib(rt_cmsis.o)
    0x08004fbc   0x08004fbc   0x00000054   Code   RO         1268    i.svcSignalWait     RTX_CM3.lib(rt_cmsis.o)
    0x08005010   0x08005010   0x0000006c   Code   RO         1269    i.svcThreadCreate   RTX_CM3.lib(rt_cmsis.o)
    0x0800507c   0x0800507c   0x0000001c   Code   RO         1270    i.svcThreadGetId    RTX_CM3.lib(rt_cmsis.o)
    0x08005098   0x08005098   0x00000038   Code   RO         1273    i.svcThreadTerminate  RTX_CM3.lib(rt_cmsis.o)
    0x080050d0   0x080050d0   0x00000018   Code   RO         1275    i.svcTimerCall      RTX_CM3.lib(rt_cmsis.o)
    0x080050e8   0x080050e8   0x00000038   Code   RO         1276    i.svcTimerCreate    RTX_CM3.lib(rt_cmsis.o)
    0x08005120   0x08005120   0x00000064   Code   RO         1278    i.svcTimerStart     RTX_CM3.lib(rt_cmsis.o)
    0x08005184   0x08005184   0x00000024   Code   RO         1279    i.svcTimerStop      RTX_CM3.lib(rt_cmsis.o)
    0x080051a8   0x080051a8   0x0000005c   Code   RO         1284    i.sysTimerTick      RTX_CM3.lib(rt_cmsis.o)
    0x08005204   0x08005204   0x0000000a   Code   RO          164    i.wr_reg            glcd_mcbstm32e.o
    0x0800520e   0x0800520e   0x00001500   Data   RO          131    .constdata          glcd_fonts.o
    0x0800670e   0x0800670e   0x00000002   PAD
    0x08006710   0x08006710   0x00000010   Data   RO          133    .constdata          glcd_fonts.o
    0x08006720   0x08006720   0x0000003c   Data   RO          296    .constdata          joystick_mcbstm32e.o
    0x0800675c   0x0800675c   0x00000040   Data   RO          348    .constdata          led_mcbstm32e.o
    0x0800679c   0x0800679c   0x00000002   Data   RO          408    .constdata          rtx_conf_cm.o
    0x0800679e   0x0800679e   0x00000002   PAD
    0x080067a0   0x080067a0   0x00000004   Data   RO          409    .constdata          rtx_conf_cm.o
    0x080067a4   0x080067a4   0x00000004   Data   RO          410    .constdata          rtx_conf_cm.o
    0x080067a8   0x080067a8   0x00000004   Data   RO          414    .constdata          rtx_conf_cm.o
    0x080067ac   0x080067ac   0x00000001   Data   RO          415    .constdata          rtx_conf_cm.o
    0x080067ad   0x080067ad   0x00000003   PAD
    0x080067b0   0x080067b0   0x00000020   Data   RO          416    .constdata          rtx_conf_cm.o
    0x080067d0   0x080067d0   0x00000002   Data   RO          417    .constdata          rtx_conf_cm.o
    0x080067d2   0x080067d2   0x00000002   PAD
    0x080067d4   0x080067d4   0x00000004   Data   RO          418    .constdata          rtx_conf_cm.o
    0x080067d8   0x080067d8   0x00000004   Data   RO          419    .constdata          rtx_conf_cm.o
    0x080067dc   0x080067dc   0x00000001   Data   RO          420    .constdata          rtx_conf_cm.o
    0x080067dd   0x080067dd   0x00000003   PAD
    0x080067e0   0x080067e0   0x00000010   Data   RO          421    .constdata          rtx_conf_cm.o
    0x080067f0   0x080067f0   0x00000008   Data   RO          422    .constdata          rtx_conf_cm.o
    0x080067f8   0x080067f8   0x00000002   Data   RO          423    .constdata          rtx_conf_cm.o
    0x080067fa   0x080067fa   0x00000002   PAD
    0x080067fc   0x080067fc   0x00000028   Data   RO          485    .constdata          usbd_stm32f10x.o
    0x08006824   0x08006824   0x00000048   Data   RO          486    .constdata          usbd_stm32f10x.o
    0x0800686c   0x0800686c   0x00000018   Data   RO          782    .constdata          usbd_config_0.o
    0x08006884   0x08006884   0x00000010   Data   RO          783    .constdata          usbd_config_0.o
    0x08006894   0x08006894   0x00000001   Data   RO          784    .constdata          usbd_config_0.o
    0x08006895   0x08006895   0x00000003   PAD
    0x08006898   0x08006898   0x00000004   Data   RO          785    .constdata          usbd_config_0.o
    0x0800689c   0x0800689c   0x00000001   Data   RO          786    .constdata          usbd_config_0.o
    0x0800689d   0x0800689d   0x00000003   PAD
    0x080068a0   0x080068a0   0x00000038   Data   RO          787    .constdata          usbd_config_0.o
    0x080068d8   0x080068d8   0x00000024   Data   RO          788    .constdata          usbd_config_0.o
    0x080068fc   0x080068fc   0x00000010   Data   RO          789    .constdata          usbd_config_0.o
    0x0800690c   0x0800690c   0x00000008   Data   RO          790    .constdata          usbd_config_0.o
    0x08006914   0x08006914   0x00000004   Data   RO          791    .constdata          usbd_config_0.o
    0x08006918   0x08006918   0x00000004   Data   RO          792    .constdata          usbd_config_0.o
    0x0800691c   0x0800691c   0x00000004   Data   RO          793    .constdata          usbd_config_0.o
    0x08006920   0x08006920   0x00000004   Data   RO          794    .constdata          usbd_config_0.o
    0x08006924   0x08006924   0x00000004   Data   RO          795    .constdata          usbd_config_0.o
    0x08006928   0x08006928   0x00000004   Data   RO          796    .constdata          usbd_config_0.o
    0x0800692c   0x0800692c   0x00000001   Data   RO          797    .constdata          usbd_config_0.o
    0x0800692d   0x0800692d   0x00000003   PAD
    0x08006930   0x08006930   0x00000004   Data   RO          798    .constdata          usbd_config_0.o
    0x08006934   0x08006934   0x00000004   Data   RO          799    .constdata          usbd_config_0.o
    0x08006938   0x08006938   0x00000004   Data   RO          800    .constdata          usbd_config_0.o
    0x0800693c   0x0800693c   0x00000004   Data   RO          802    .constdata          usbd_config_0.o
    0x08006940   0x08006940   0x00000004   Data   RO          803    .constdata          usbd_config_0.o
    0x08006944   0x08006944   0x00000004   Data   RO          804    .constdata          usbd_config_0.o
    0x08006948   0x08006948   0x00000004   Data   RO          805    .constdata          usbd_config_0.o
    0x0800694c   0x0800694c   0x00000004   Data   RO          806    .constdata          usbd_config_0.o
    0x08006950   0x08006950   0x00000004   Data   RO          808    .constdata          usbd_config_0.o
    0x08006954   0x08006954   0x00000004   Data   RO          809    .constdata          usbd_config_0.o
    0x08006958   0x08006958   0x00000004   Data   RO          810    .constdata          usbd_config_0.o
    0x0800695c   0x0800695c   0x00000004   Data   RO          811    .constdata          usbd_config_0.o
    0x08006960   0x08006960   0x00000004   Data   RO          812    .constdata          usbd_config_0.o
    0x08006964   0x08006964   0x00000004   Data   RO          813    .constdata          usbd_config_0.o
    0x08006968   0x08006968   0x00000004   Data   RO          814    .constdata          usbd_config_0.o
    0x0800696c   0x0800696c   0x00000004   Data   RO          815    .constdata          usbd_config_0.o
    0x08006970   0x08006970   0x00000004   Data   RO          816    .constdata          usbd_config_0.o
    0x08006974   0x08006974   0x00000004   Data   RO          817    .constdata          usbd_config_0.o
    0x08006978   0x08006978   0x00000004   Data   RO          818    .constdata          usbd_config_0.o
    0x0800697c   0x0800697c   0x00000004   Data   RO          819    .constdata          usbd_config_0.o
    0x08006980   0x08006980   0x00000021   Data   RO          820    .constdata          usbd_config_0.o
    0x080069a1   0x080069a1   0x00000003   PAD
    0x080069a4   0x080069a4   0x00000004   Data   RO          821    .constdata          usbd_config_0.o
    0x080069a8   0x080069a8   0x00000007   Data   RO          822    .constdata          usbd_config_0.o
    0x080069af   0x080069af   0x00000012   Data   RO          823    .constdata          usbd_config_0.o
    0x080069c1   0x080069c1   0x0000002a   Data   RO          824    .constdata          usbd_config_0.o
    0x080069eb   0x080069eb   0x00000001   Data   RO          825    .constdata          usbd_config_0.o
    0x080069ec   0x080069ec   0x00000001   Data   RO          826    .constdata          usbd_config_0.o
    0x080069ed   0x080069ed   0x00000001   Data   RO          827    .constdata          usbd_config_0.o
    0x080069ee   0x080069ee   0x00000001   Data   RO          828    .constdata          usbd_config_0.o
    0x080069ef   0x080069ef   0x00000001   Data   RO          829    .constdata          usbd_config_0.o
    0x080069f0   0x080069f0   0x0000006d   Data   RO          830    .constdata          usbd_config_0.o
    0x08006a5d   0x08006a5d   0x00000001   PAD
    0x08006a5e   0x08006a5e   0x00000020   Data   RO         1968    .constdata          USB_CM3_L.lib(usbd_lib_hid.o)
    0x08006a7e   0x08006a7e   0x00000002   PAD
    0x08006a80   0x08006a80   0x00000004   Data   RO         2554    .constdata          USB_CM3_L.lib(usb_lib_ver.o)
    0x08006a84   0x08006a84   0x00000020   Data   RO         2665    Region$$Table       anon$$obj.o


    Execution Region RW_IRAM1 (Exec base: 0x20000000, Load base: 0x08006aa4, Size: 0x00001448, Max: 0x00010000, ABSOLUTE)

    Exec Addr    Load Addr    Size         Type   Attr      Idx    E Section Name        Object

    0x20000000   0x08006aa4   0x0000000c   Data   RW          165    .data               glcd_mcbstm32e.o
    0x2000000c   0x08006ab0   0x00000004   Data   RW          425    .data               rtx_conf_cm.o
    0x20000010   0x08006ab4   0x00000004   Data   RW          426    .data               rtx_conf_cm.o
    0x20000014   0x08006ab8   0x00000004   Data   RW          427    .data               rtx_conf_cm.o
    0x20000018   0x08006abc   0x0000001c   Data   RW          487    .data               usbd_stm32f10x.o
    0x20000034   0x08006ad8   0x00000014   Data   RW          686    .data               system_stm32f10x.o
    0x20000048   0x08006aec   0x00000004   Data   RW          831    .data               usbd_config_0.o
    0x2000004c   0x08006af0   0x00000008   Data   RW          832    .data               usbd_config_0.o
    0x20000054   0x08006af8   0x00000008   Data   RW          833    .data               usbd_config_0.o
    0x2000005c   0x08006b00   0x00000008   Data   RW          834    .data               usbd_config_0.o
    0x20000064   0x08006b08   0x00000008   Data   RW          835    .data               usbd_config_0.o
    0x2000006c   0x08006b10   0x00000008   Data   RW          836    .data               usbd_config_0.o
    0x20000074   0x08006b18   0x00000008   Data   RW          837    .data               usbd_config_0.o
    0x2000007c   0x08006b20   0x00000008   Data   RW          838    .data               usbd_config_0.o
    0x20000084   0x08006b28   0x00000008   Data   RW          839    .data               usbd_config_0.o
    0x2000008c   0x08006b30   0x00000024   Data   RW          840    .data               usbd_config_0.o
    0x200000b0   0x08006b54   0x00000004   Data   RW          841    .data               usbd_config_0.o
    0x200000b4   0x08006b58   0x00000001   Data   RW          842    .data               usbd_config_0.o
    0x200000b5   0x08006b59   0x00000003   PAD
    0x200000b8   0x08006b5c   0x00000008   Data   RW          843    .data               usbd_config_0.o
    0x200000c0   0x08006b64   0x00000004   Data   RW          844    .data               usbd_config_0.o
    0x200000c4   0x08006b68   0x00000004   Data   RW          845    .data               usbd_config_0.o
    0x200000c8   0x08006b6c   0x00000004   Data   RW          846    .data               usbd_config_0.o
    0x200000cc   0x08006b70   0x00000004   Data   RW          847    .data               usbd_config_0.o
    0x200000d0   0x08006b74   0x00000004   Data   RW          848    .data               usbd_config_0.o
    0x200000d4   0x08006b78   0x00000002   Data   RW          849    .data               usbd_config_0.o
    0x200000d6   0x08006b7a   0x00000002   Data   RW          850    .data               usbd_config_0.o
    0x200000d8   0x08006b7c   0x00000001   Data   RW          851    .data               usbd_config_0.o
    0x200000d9   0x08006b7d   0x00000003   PAD
    0x200000dc   0x08006b80   0x00000001   Data   RW          852    .data               usbd_config_0.o
    0x200000dd   0x08006b81   0x00000003   PAD
    0x200000e0   0x08006b84   0x00000001   Data   RW          853    .data               usbd_config_0.o
    0x200000e1   0x08006b85   0x00000003   PAD
    0x200000e4   0x08006b88   0x00000001   Data   RW          854    .data               usbd_config_0.o
    0x200000e5   0x08006b89   0x00000001   PAD
    0x200000e6   0x08006b8a   0x00000004   Data   RW          855    .data               usbd_config_0.o
    0x200000ea   0x08006b8e   0x00000002   PAD
    0x200000ec   0x08006b90   0x00000004   Data   RW          856    .data               usbd_config_0.o
    0x200000f0   0x08006b94   0x00000008   Data   RW         1287    .data               RTX_CM3.lib(rt_cmsis.o)
    0x200000f8   0x08006b9c   0x00000008   Data   RW         1848    .data               USB_CM3_L.lib(usbd_lib_core.o)
    0x20000100   0x08006ba4   0x00000008   Data   RW         2011    .data               RTX_CM3.lib(rt_task.o)
    0x20000108   0x08006bac   0x00000008   Data   RW         2096    .data               RTX_CM3.lib(rt_system.o)
    0x20000110   0x08006bb4   0x00000004   Data   RW         2390    .data               RTX_CM3.lib(rt_time.o)
    0x20000114   0x08006bb8   0x00000001   Data   RW         2509    .data               RTX_CM3.lib(hal_cm.o)
    0x20000115   0x08006bb9   0x00000003   PAD
    0x20000118   0x08006bbc   0x00000008   Data   RW         2604    .data               RTX_CM3.lib(rt_robin.o)
    0x20000120        -       0x00000020   Zero   RW          402    .bss                rtx_conf_cm.o
    0x20000140        -       0x00000178   Zero   RW          403    .bss                rtx_conf_cm.o
    0x200002b8        -       0x00000330   Zero   RW          404    .bss                rtx_conf_cm.o
    0x200005e8        -       0x000006f8   Zero   RW          405    .bss                rtx_conf_cm.o
    0x20000ce0        -       0x00000084   Zero   RW          406    .bss                rtx_conf_cm.o
    0x20000d64        -       0x0000001c   Zero   RW          407    .bss                rtx_conf_cm.o
    0x20000d80        -       0x00000168   Zero   RW          484    .bss                usbd_stm32f10x.o
    0x20000ee8        -       0x000000b0   Zero   RW          778    .bss                usbd_config_0.o
    0x20000f98        -       0x00000010   Zero   RW          779    .bss                usbd_config_0.o
    0x20000fa8        -       0x00000020   Zero   RW          780    .bss                usbd_config_0.o
    0x20000fc8        -       0x00000018   Zero   RW          781    .bss                usbd_config_0.o
    0x20000fe0        -       0x00000034   Zero   RW         2010    .bss                RTX_CM3.lib(rt_task.o)
    0x20001014        -       0x00000030   Zero   RW         2230    .bss                RTX_CM3.lib(rt_list.o)
    0x20001044   0x08006bc4   0x00000004   PAD
    0x20001048        -       0x00000400   Zero   RW          673    STACK               startup_stm32f10x_hd.o


==============================================================================

Image component sizes


      Code (inc. data)   RO Data    RW Data    ZI Data      Debug   Object Name

         0          0       5392          0          0        748   glcd_fonts.o
      1994         92          0         12          0       8906   glcd_mcbstm32e.o
       462         66          0          0          0       5922   gpio_stm32f10x.o
       300        150          0          0          0      26157   hid.o
       112         12         60          0          0     208365   joystick_mcbstm32e.o
       120         14         64          0          0       5826   led_mcbstm32e.o
        28          6         84         12       3168       7616   rtx_conf_cm.o
        36          8        304          0       1024        836   startup_stm32f10x_hd.o
       248         24          0         20          0       1989   system_stm32f10x.o
       586         44        485        153        248      47718   usbd_config_0.o
      2292        270        112         28        360      50116   usbd_stm32f10x.o
        58          0          0          0          0       2095   usbd_user_hid_0.o

    ----------------------------------------------------------------------
      6246        686       6560        240       4800     366294   Object Totals
         0          0         32          0          0          0   (incl. Generated)
        10          0         27         15          0          0   (incl. Padding)

    ----------------------------------------------------------------------

      Code (inc. data)   RO Data    RW Data    ZI Data      Debug   Library Member Name

       238         24          0          1          0       3312   hal_cm.o
       304         36          0          0          0        768   hal_cm3.o
      1958        210          0          8          0      45482   rt_cmsis.o
       272         18          0          0          0       2650   rt_event.o
       530         34          0          0         48       8253   rt_list.o
       554         10          0          0          0       3949   rt_mailbox.o
       140          0          0          0          0       1925   rt_membox.o
       128          0          0          0          0       2307   rt_memory.o
        96         22          0          8          0       1158   rt_robin.o
       186         10          0          0          0       2902   rt_semaphore.o
       298         52          0          8          0       6223   rt_system.o
      1216        174          0          8         52       9649   rt_task.o
         6          0          0          4          0        652   rt_time.o
         4          4          0          0          0        208   svc_table.o
         0          0          4          0          0          0   usb_lib_ver.o
      3638        216          0          8          0       1584   usbd_lib_core.o
       276         54          0          0          0        324   usbd_lib_core_device.o
       732         70          0          0          0        280   usbd_lib_core_hid.o
      1548        150          0          0          0       1244   usbd_lib_drv.o
      1998        194         32          0          0       1428   usbd_lib_hid.o
         0          0          0          0          0          0   entry.o
         0          0          0          0          0          0   entry10a.o
         0          0          0          0          0          0   entry11a.o
         8          4          0          0          0          0   entry2.o
         4          0          0          0          0          0   entry5.o
         0          0          0          0          0          0   entry7b.o
         0          0          0          0          0          0   entry8b.o
        30          0          0          0          0          0   handlers.o
        36          8          0          0          0         68   init.o
        30          0          0          0          0         68   llshl.o
        32          0          0          0          0         68   llushr.o
        36          0          0          0          0         68   memcpya.o
        36          0          0          0          0        108   memseta.o
        98          0          0          0          0         92   uldiv.o

    ----------------------------------------------------------------------
     14456       1290         38         48        104      94770   Library Totals
        24          0          2          3          4          0   (incl. Padding)

    ----------------------------------------------------------------------

      Code (inc. data)   RO Data    RW Data    ZI Data      Debug   Library Name

      5930        594          0         37        100      89438   RTX_CM3.lib
      8192        684         36          8          0       4860   USB_CM3_L.lib
       310         12          0          0          0        472   mc_w.l

    ----------------------------------------------------------------------
     14456       1290         38         48        104      94770   Library Totals

    ----------------------------------------------------------------------

==============================================================================


      Code (inc. data)   RO Data    RW Data    ZI Data      Debug   

     20702       1976       6598        288       4904     448112   Grand Totals
     20702       1976       6598        288       4904     448112   ELF Image Totals
     20702       1976       6598        288          0          0   ROM Totals

==============================================================================

    Total RO  Size (Code + RO Data)                27300 (  26.66kB)
    Total RW  Size (RW Data + ZI Data)              5192 (   5.07kB)
    Total ROM Size (Code + RO Data + RW Data)      27588 (  26.94kB)

==============================================================================

